Archive member included to satisfy reference by file (symbol)

/opt/st/stm32cubeide_1.15.1/plugins/com.st.stm32cube.ide.mcu.externaltools.gnu-tools-for-stm32.12.3.rel1.linux64_1.0.100.202403111256/tools/bin/../lib/gcc/arm-none-eabi/12.3.1/../../../../arm-none-eabi/lib/thumb/v7e-m+fp/hard/libc_nano.a(libc_a-exit.o)
                              /opt/st/stm32cubeide_1.15.1/plugins/com.st.stm32cube.ide.mcu.externaltools.gnu-tools-for-stm32.12.3.rel1.linux64_1.0.100.202403111256/tools/bin/../lib/gcc/arm-none-eabi/12.3.1/../../../../arm-none-eabi/lib/thumb/v7e-m+fp/hard/crt0.o (exit)
/opt/st/stm32cubeide_1.15.1/plugins/com.st.stm32cube.ide.mcu.externaltools.gnu-tools-for-stm32.12.3.rel1.linux64_1.0.100.202403111256/tools/bin/../lib/gcc/arm-none-eabi/12.3.1/../../../../arm-none-eabi/lib/thumb/v7e-m+fp/hard/libc_nano.a(libc_a-findfp.o)
                              /opt/st/stm32cubeide_1.15.1/plugins/com.st.stm32cube.ide.mcu.externaltools.gnu-tools-for-stm32.12.3.rel1.linux64_1.0.100.202403111256/tools/bin/../lib/gcc/arm-none-eabi/12.3.1/../../../../arm-none-eabi/lib/thumb/v7e-m+fp/hard/libc_nano.a(libc_a-exit.o) (__stdio_exit_handler)
/opt/st/stm32cubeide_1.15.1/plugins/com.st.stm32cube.ide.mcu.externaltools.gnu-tools-for-stm32.12.3.rel1.linux64_1.0.100.202403111256/tools/bin/../lib/gcc/arm-none-eabi/12.3.1/../../../../arm-none-eabi/lib/thumb/v7e-m+fp/hard/libc_nano.a(libc_a-fwalk.o)
                              /opt/st/stm32cubeide_1.15.1/plugins/com.st.stm32cube.ide.mcu.externaltools.gnu-tools-for-stm32.12.3.rel1.linux64_1.0.100.202403111256/tools/bin/../lib/gcc/arm-none-eabi/12.3.1/../../../../arm-none-eabi/lib/thumb/v7e-m+fp/hard/libc_nano.a(libc_a-findfp.o) (_fwalk_sglue)
/opt/st/stm32cubeide_1.15.1/plugins/com.st.stm32cube.ide.mcu.externaltools.gnu-tools-for-stm32.12.3.rel1.linux64_1.0.100.202403111256/tools/bin/../lib/gcc/arm-none-eabi/12.3.1/../../../../arm-none-eabi/lib/thumb/v7e-m+fp/hard/libc_nano.a(libc_a-printf.o)
                              ./Core/Src/main.o (printf)
/opt/st/stm32cubeide_1.15.1/plugins/com.st.stm32cube.ide.mcu.externaltools.gnu-tools-for-stm32.12.3.rel1.linux64_1.0.100.202403111256/tools/bin/../lib/gcc/arm-none-eabi/12.3.1/../../../../arm-none-eabi/lib/thumb/v7e-m+fp/hard/libc_nano.a(libc_a-putchar.o)
                              ./Drivers/ioLibrary_Driver/Application/multicast/multicast.o (putchar)
/opt/st/stm32cubeide_1.15.1/plugins/com.st.stm32cube.ide.mcu.externaltools.gnu-tools-for-stm32.12.3.rel1.linux64_1.0.100.202403111256/tools/bin/../lib/gcc/arm-none-eabi/12.3.1/../../../../arm-none-eabi/lib/thumb/v7e-m+fp/hard/libc_nano.a(libc_a-puts.o)
                              ./Core/Src/main.o (puts)
/opt/st/stm32cubeide_1.15.1/plugins/com.st.stm32cube.ide.mcu.externaltools.gnu-tools-for-stm32.12.3.rel1.linux64_1.0.100.202403111256/tools/bin/../lib/gcc/arm-none-eabi/12.3.1/../../../../arm-none-eabi/lib/thumb/v7e-m+fp/hard/libc_nano.a(libc_a-stdio.o)
                              /opt/st/stm32cubeide_1.15.1/plugins/com.st.stm32cube.ide.mcu.externaltools.gnu-tools-for-stm32.12.3.rel1.linux64_1.0.100.202403111256/tools/bin/../lib/gcc/arm-none-eabi/12.3.1/../../../../arm-none-eabi/lib/thumb/v7e-m+fp/hard/libc_nano.a(libc_a-findfp.o) (__sread)
/opt/st/stm32cubeide_1.15.1/plugins/com.st.stm32cube.ide.mcu.externaltools.gnu-tools-for-stm32.12.3.rel1.linux64_1.0.100.202403111256/tools/bin/../lib/gcc/arm-none-eabi/12.3.1/../../../../arm-none-eabi/lib/thumb/v7e-m+fp/hard/libc_nano.a(libc_a-wbuf.o)
                              /opt/st/stm32cubeide_1.15.1/plugins/com.st.stm32cube.ide.mcu.externaltools.gnu-tools-for-stm32.12.3.rel1.linux64_1.0.100.202403111256/tools/bin/../lib/gcc/arm-none-eabi/12.3.1/../../../../arm-none-eabi/lib/thumb/v7e-m+fp/hard/libc_nano.a(libc_a-puts.o) (__swbuf_r)
/opt/st/stm32cubeide_1.15.1/plugins/com.st.stm32cube.ide.mcu.externaltools.gnu-tools-for-stm32.12.3.rel1.linux64_1.0.100.202403111256/tools/bin/../lib/gcc/arm-none-eabi/12.3.1/../../../../arm-none-eabi/lib/thumb/v7e-m+fp/hard/libc_nano.a(libc_a-wsetup.o)
                              /opt/st/stm32cubeide_1.15.1/plugins/com.st.stm32cube.ide.mcu.externaltools.gnu-tools-for-stm32.12.3.rel1.linux64_1.0.100.202403111256/tools/bin/../lib/gcc/arm-none-eabi/12.3.1/../../../../arm-none-eabi/lib/thumb/v7e-m+fp/hard/libc_nano.a(libc_a-puts.o) (__swsetup_r)
/opt/st/stm32cubeide_1.15.1/plugins/com.st.stm32cube.ide.mcu.externaltools.gnu-tools-for-stm32.12.3.rel1.linux64_1.0.100.202403111256/tools/bin/../lib/gcc/arm-none-eabi/12.3.1/../../../../arm-none-eabi/lib/thumb/v7e-m+fp/hard/libc_nano.a(libc_a-memset.o)
                              /opt/st/stm32cubeide_1.15.1/plugins/com.st.stm32cube.ide.mcu.externaltools.gnu-tools-for-stm32.12.3.rel1.linux64_1.0.100.202403111256/tools/bin/../lib/gcc/arm-none-eabi/12.3.1/../../../../arm-none-eabi/lib/thumb/v7e-m+fp/hard/crt0.o (memset)
[...]
Memory Configuration

Name             Origin             Length             Attributes
RAM              0x20000000         0x00018000         xrw
RAM2             0x10000000         0x00008000         xrw
FLASH            0x08000000         0x00100000         xr
*default*        0x00000000         0xffffffff

Linker script and memory map

LOAD /opt/st/stm32cubeide_1.15.1/plugins/com.st.stm32cube.ide.mcu.externaltools.gnu-tools-for-stm32.12.3.rel1.linux64_1.0.100.202403111256/tools/bin/../lib/gcc/arm-none-eabi/12.3.1/thumb/v7e-m+fp/hard/crti.o
LOAD /opt/st/stm32cubeide_1.15.1/plugins/com.st.stm32cube.ide.mcu.externaltools.gnu-tools-for-stm32.12.3.rel1.linux64_1.0.100.202403111256/tools/bin/../lib/gcc/arm-none-eabi/12.3.1/thumb/v7e-m+fp/hard/crtbegin.o
LOAD /opt/st/stm32cubeide_1.15.1/plugins/com.st.stm32cube.ide.mcu.externaltools.gnu-tools-for-stm32.12.3.rel1.linux64_1.0.100.202403111256/tools/bin/../lib/gcc/arm-none-eabi/12.3.1/../../../../arm-none-eabi/lib/thumb/v7e-m+fp/hard/crt0.o
LOAD ./Core/Src/main.o
LOAD ./Core/Src/stm32l4xx_hal_msp.o
LOAD ./Core/Src/stm32l4xx_it.o
LOAD ./Core/Src/syscalls.o
LOAD ./Core/Src/sysmem.o
LOAD ./Core/Src/system_stm32l4xx.o
LOAD ./Core/Startup/startup_stm32l476rgtx.o
LOAD ./Drivers/STM32L4xx_HAL_Driver/stm32l4xx_hal.o
LOAD ./Drivers/STM32L4xx_HAL_Driver/stm32l4xx_hal_cortex.o
LOAD ./Drivers/STM32L4xx_HAL_Driver/stm32l4xx_hal_dma.o
LOAD ./Drivers/STM32L4xx_HAL_Driver/stm32l4xx_hal_dma_ex.o
LOAD ./Drivers/STM32L4xx_HAL_Driver/stm32l4xx_hal_exti.o
LOAD ./Drivers/STM32L4xx_HAL_Driver/stm32l4xx_hal_flash.o
LOAD ./Drivers/STM32L4xx_HAL_Driver/stm32l4xx_hal_flash_ex.o
LOAD ./Drivers/STM32L4xx_HAL_Driver/stm32l4xx_hal_flash_ramfunc.o
LOAD ./Drivers/STM32L4xx_HAL_Driver/stm32l4xx_hal_gpio.o
LOAD ./Drivers/STM32L4xx_HAL_Driver/stm32l4xx_hal_i2c.o
LOAD ./Drivers/STM32L4xx_HAL_Driver/stm32l4xx_hal_i2c_ex.o
LOAD ./Drivers/STM32L4xx_HAL_Driver/stm32l4xx_hal_pwr.o
LOAD ./Drivers/STM32L4xx_HAL_Driver/stm32l4xx_hal_pwr_ex.o
LOAD ./Drivers/STM32L4xx_HAL_Driver/stm32l4xx_hal_rcc.o
LOAD ./Drivers/STM32L4xx_HAL_Driver/stm32l4xx_hal_rcc_ex.o
LOAD ./Drivers/STM32L4xx_HAL_Driver/stm32l4xx_hal_spi.o
LOAD ./Drivers/STM32L4xx_HAL_Driver/stm32l4xx_hal_spi_ex.o
LOAD ./Drivers/STM32L4xx_HAL_Driver/stm32l4xx_hal_tim.o
LOAD ./Drivers/STM32L4xx_HAL_Driver/stm32l4xx_hal_tim_ex.o
LOAD ./Drivers/STM32L4xx_HAL_Driver/stm32l4xx_hal_uart.o
LOAD ./Drivers/STM32L4xx_HAL_Driver/stm32l4xx_hal_uart_ex.o
LOAD ./Drivers/ioLibrary_Driver/Application/loopback/loopback.o
LOAD ./Drivers/ioLibrary_Driver/Application/multicast/multicast.o
LOAD ./Drivers/ioLibrary_Driver/Ethernet/W5100/w5100.o
LOAD ./Drivers/ioLibrary_Driver/Ethernet/W5100S/w5100s.o
LOAD ./Drivers/ioLibrary_Driver/Ethernet/W5200/w5200.o
LOAD ./Drivers/ioLibrary_Driver/Ethernet/W5300/w5300.o
LOAD ./Drivers/ioLibrary_Driver/Ethernet/W5500/w5500.o
LOAD ./Drivers/ioLibrary_Driver/Ethernet/socket.o
LOAD ./Drivers/ioLibrary_Driver/Ethernet/wizchip_conf.o
LOAD ./Drivers/ioLibrary_Driver/Internet/DHCP/dhcp.o
START GROUP
LOAD /opt/st/stm32cubeide_1.15.1/plugins/com.st.stm32cube.ide.mcu.externaltools.gnu-tools-for-stm32.12.3.rel1.linux64_1.0.100.202403111256/tools/bin/../lib/gcc/arm-none-eabi/12.3.1/../../../../arm-none-eabi/lib/thumb/v7e-m+fp/hard/libc_nano.a
LOAD /opt/st/stm32cubeide_1.15.1/plugins/com.st.stm32cube.ide.mcu.externaltools.gnu-tools-for-stm32.12.3.rel1.linux64_1.0.100.202403111256/tools/bin/../lib/gcc/arm-none-eabi/12.3.1/../../../../arm-none-eabi/lib/thumb/v7e-m+fp/hard/libm.a
END GROUP
START GROUP
LOAD /opt/st/stm32cubeide_1.15.1/plugins/com.st.stm32cube.ide.mcu.externaltools.gnu-tools-for-stm32.12.3.rel1.linux64_1.0.100.202403111256/tools/bin/../lib/gcc/arm-none-eabi/12.3.1/thumb/v7e-m+fp/hard/libgcc.a
LOAD /opt/st/stm32cubeide_1.15.1/plugins/com.st.stm32cube.ide.mcu.externaltools.gnu-tools-for-stm32.12.3.rel1.linux64_1.0.100.202403111256/tools/bin/../lib/gcc/arm-none-eabi/12.3.1/../../../../arm-none-eabi/lib/thumb/v7e-m+fp/hard/libc_nano.a
END GROUP
START GROUP
LOAD /opt/st/stm32cubeide_1.15.1/plugins/com.st.stm32cube.ide.mcu.externaltools.gnu-tools-for-stm32.12.3.rel1.linux64_1.0.100.202403111256/tools/bin/../lib/gcc/arm-none-eabi/12.3.1/thumb/v7e-m+fp/hard/libgcc.a
LOAD /opt/st/stm32cubeide_1.15.1/plugins/com.st.stm32cube.ide.mcu.externaltools.gnu-tools-for-stm32.12.3.rel1.linux64_1.0.100.202403111256/tools/bin/../lib/gcc/arm-none-eabi/12.3.1/../../../../arm-none-eabi/lib/thumb/v7e-m+fp/hard/libc_nano.a
LOAD /opt/st/stm32cubeide_1.15.1/plugins/com.st.stm32cube.ide.mcu.externaltools.gnu-tools-for-stm32.12.3.rel1.linux64_1.0.100.202403111256/tools/bin/../lib/gcc/arm-none-eabi/12.3.1/../../../../arm-none-eabi/lib/thumb/v7e-m+fp/hard/libnosys.a
END GROUP
START GROUP
LOAD /opt/st/stm32cubeide_1.15.1/plugins/com.st.stm32cube.ide.mcu.externaltools.gnu-tools-for-stm32.12.3.rel1.linux64_1.0.100.202403111256/tools/bin/../lib/gcc/arm-none-eabi/12.3.1/thumb/v7e-m+fp/hard/libgcc.a
LOAD /opt/st/stm32cubeide_1.15.1/plugins/com.st.stm32cube.ide.mcu.externaltools.gnu-tools-for-stm32.12.3.rel1.linux64_1.0.100.202403111256/tools/bin/../lib/gcc/arm-none-eabi/12.3.1/../../../../arm-none-eabi/lib/thumb/v7e-m+fp/hard/libc_nano.a
LOAD /opt/st/stm32cubeide_1.15.1/plugins/com.st.stm32cube.ide.mcu.externaltools.gnu-tools-for-stm32.12.3.rel1.linux64_1.0.100.202403111256/tools/bin/../lib/gcc/arm-none-eabi/12.3.1/../../../../arm-none-eabi/lib/thumb/v7e-m+fp/hard/libnosys.a
END GROUP
LOAD /opt/st/stm32cubeide_1.15.1/plugins/com.st.stm32cube.ide.mcu.externaltools.gnu-tools-for-stm32.12.3.rel1.linux64_1.0.100.202403111256/tools/bin/../lib/gcc/arm-none-eabi/12.3.1/thumb/v7e-m+fp/hard/crtend.o
LOAD /opt/st/stm32cubeide_1.15.1/plugins/com.st.stm32cube.ide.mcu.externaltools.gnu-tools-for-stm32.12.3.rel1.linux64_1.0.100.202403111256/tools/bin/../lib/gcc/arm-none-eabi/12.3.1/thumb/v7e-m+fp/hard/crtn.o
                0x20018000                        _estack = (ORIGIN (RAM) + LENGTH (RAM))
                0x00000200                        _Min_Heap_Size = 0x200
                0x00000400                        _Min_Stack_Size = 0x400

.isr_vector     0x08000000      0x188
                0x08000000                        . = ALIGN (0x4)
 *(.isr_vector)
 .isr_vector    0x08000000      0x188 ./Core/Startup/startup_stm32l476rgtx.o
                0x08000000                g_pfnVectors
                0x08000188                        . = ALIGN (0x4)

.text           0x08000190     0x7438
                0x08000190                        . = ALIGN (0x4)
 *(.text)
 .text          0x08000190       0x40 /opt/st/stm32cubeide_1.15.1/plugins/com.st.stm32cube.ide.mcu.externaltools.gnu-tools-for-stm32.12.3.rel1.linux64_1.0.100.202403111256/tools/bin/../lib/gcc/arm-none-eabi/12.3.1/thumb/v7e-m+fp/hard/crtbegin.o
 .text          0x080001d0       0xa0 /opt/st/stm32cubeide_1.15.1/plugins/com.st.stm32cube.ide.mcu.externaltools.gnu-tools-for-stm32.12.3.rel1.linux64_1.0.100.202403111256/tools/bin/../lib/gcc/arm-none-eabi/12.3.1/../../../../arm-none-eabi/lib/thumb/v7e-m+fp/hard/libc_nano.a(libc_a-memchr.o)
                0x080001d0                memchr
 .text          0x08000270       0x30 /opt/st/stm32cubeide_1.15.1/plugins/com.st.stm32cube.ide.mcu.externaltools.gnu-tools-for-stm32.12.3.rel1.linux64_1.0.100.202403111256/tools/bin/../lib/gcc/arm-none-eabi/12.3.1/thumb/v7e-m+fp/hard/libgcc.a(_aeabi_uldivmod.o)
                0x08000270                __aeabi_uldivmod
 .text          0x080002a0      0x2bc /opt/st/stm32cubeide_1.15.1/plugins/com.st.stm32cube.ide.mcu.externaltools.gnu-tools-for-stm32.12.3.rel1.linux64_1.0.100.202403111256/tools/bin/../lib/gcc/arm-none-eabi/12.3.1/thumb/v7e-m+fp/hard/libgcc.a(_udivmoddi4.o)
                0x080002a0                __udivmoddi4
 .text          0x0800055c        0x4 /opt/st/stm32cubeide_1.15.1/plugins/com.st.stm32cube.ide.mcu.externaltools.gnu-tools-for-stm32.12.3.rel1.linux64_1.0.100.202403111256/tools/bin/../lib/gcc/arm-none-eabi/12.3.1/thumb/v7e-m+fp/hard/libgcc.a(_dvmd_tls.o)
                0x0800055c                __aeabi_ldiv0
                0x0800055c                __aeabi_idiv0
 *(.text*)
 .text.__io_putchar
                0x08000560       0x24 ./Core/Src/main.o
                0x08000560                __io_putchar
 .text.crit_section_enter
                0x08000584       0x1e ./Core/Src/main.o
                0x08000584                crit_section_enter
 .text.crit_section_leave
                0x080005a2       0x1e ./Core/Src/main.o
                0x080005a2                crit_section_leave
 .text.spi_cs_select
                0x080005c0       0x18 ./Core/Src/main.o
                0x080005c0                spi_cs_select
 .text.spi_cs_deselect
                0x080005d8       0x18 ./Core/Src/main.o
                0x080005d8                spi_cs_deselect
 .text.spi_read
                0x080005f0       0x38 ./Core/Src/main.o
                0x080005f0                spi_read
 .text.spi_write
                0x08000628       0x38 ./Core/Src/main.o
                0x08000628                spi_write
 .text.spi_read_byte
                0x08000660       0x1a ./Core/Src/main.o
                0x08000660                spi_read_byte
 .text.spi_write_byte
                0x0800067a       0x1c ./Core/Src/main.o
                0x0800067a                spi_write_byte
 *fill*         0x08000696        0x2 
 .text.register_callbacks
                0x08000698       0x48 ./Core/Src/main.o
                0x08000698                register_callbacks
 .text.network_init
                0x080006e0       0x22 ./Core/Src/main.o
                0x080006e0                network_init
 *fill*         0x08000702        0x2 
 .text.handle_tcp_connection
                0x08000704      0x228 ./Core/Src/main.o
                0x08000704                handle_tcp_connection
 .text.HAL_TIM_PeriodElapsedCallback
                0x0800092c       0x20 ./Core/Src/main.o
                0x0800092c                HAL_TIM_PeriodElapsedCallback
 .text.main     0x0800094c       0xc4 ./Core/Src/main.o
                0x0800094c                main
 .text.SystemClock_Config
                0x08000a10       0xa2 ./Core/Src/main.o
                0x08000a10                SystemClock_Config
 *fill*         0x08000ab2        0x2 
 .text.MX_TIM16_Init
                0x08000ab4       0x54 ./Core/Src/main.o
 .text.MX_SPI1_Init
                0x08000b08       0x7c ./Core/Src/main.o
 .text.MX_USART2_UART_Init
                0x08000b84       0x60 ./Core/Src/main.o
 .text.MX_GPIO_Init
                0x08000be4       0xcc ./Core/Src/main.o
 .text.Error_Handler
                0x08000cb0        0xc ./Core/Src/main.o
                0x08000cb0                Error_Handler
 .text.HAL_MspInit
                0x08000cbc       0x48 ./Core/Src/stm32l4xx_hal_msp.o
                0x08000cbc                HAL_MspInit
 .text.HAL_SPI_MspInit
                0x08000d04       0x84 ./Core/Src/stm32l4xx_hal_msp.o
                0x08000d04                HAL_SPI_MspInit
 .text.HAL_TIM_Base_MspInit
                0x08000d88       0x4c ./Core/Src/stm32l4xx_hal_msp.o
                0x08000d88                HAL_TIM_Base_MspInit
 .text.HAL_UART_MspInit
                0x08000dd4       0xb8 ./Core/Src/stm32l4xx_hal_msp.o
                0x08000dd4                HAL_UART_MspInit
 .text.NMI_Handler
                0x08000e8c        0x8 ./Core/Src/stm32l4xx_it.o
                0x08000e8c                NMI_Handler
 .text.HardFault_Handler
                0x08000e94        0x8 ./Core/Src/stm32l4xx_it.o
                0x08000e94                HardFault_Handler
 .text.MemManage_Handler
                0x08000e9c        0x8 ./Core/Src/stm32l4xx_it.o
                0x08000e9c                MemManage_Handler
 .text.BusFault_Handler
                0x08000ea4        0x8 ./Core/Src/stm32l4xx_it.o
                0x08000ea4                BusFault_Handler
 .text.UsageFault_Handler
                0x08000eac        0x8 ./Core/Src/stm32l4xx_it.o
                0x08000eac                UsageFault_Handler
 .text.SVC_Handler
                0x08000eb4        0xe ./Core/Src/stm32l4xx_it.o
                0x08000eb4                SVC_Handler
 .text.DebugMon_Handler
                0x08000ec2        0xe ./Core/Src/stm32l4xx_it.o
                0x08000ec2                DebugMon_Handler
 .text.PendSV_Handler
                0x08000ed0        0xe ./Core/Src/stm32l4xx_it.o
                0x08000ed0                PendSV_Handler
 .text.SysTick_Handler
                0x08000ede        0xc ./Core/Src/stm32l4xx_it.o
                0x08000ede                SysTick_Handler
 *fill*         0x08000eea        0x2 
 .text.TIM1_UP_TIM16_IRQHandler
                0x08000eec       0x14 ./Core/Src/stm32l4xx_it.o
                0x08000eec                TIM1_UP_TIM16_IRQHandler
 .text._read    0x08000f00       0x3a ./Core/Src/syscalls.o
                0x08000f00                _read
 .text._write   0x08000f3a       0x38 ./Core/Src/syscalls.o
                0x08000f3a                _write
 .text._close   0x08000f72       0x18 ./Core/Src/syscalls.o
                0x08000f72                _close
 .text._fstat   0x08000f8a       0x20 ./Core/Src/syscalls.o
                0x08000f8a                _fstat
 .text._isatty  0x08000faa       0x16 ./Core/Src/syscalls.o
                0x08000faa                _isatty
 .text._lseek   0x08000fc0       0x1a ./Core/Src/syscalls.o
                0x08000fc0                _lseek
 *fill*         0x08000fda        0x2 
 .text._sbrk    0x08000fdc       0x6c ./Core/Src/sysmem.o
                0x08000fdc                _sbrk
 .text.SystemInit
                0x08001048       0x24 ./Core/Src/system_stm32l4xx.o
                0x08001048                SystemInit
 .text.Reset_Handler
                0x0800106c       0x50 ./Core/Startup/startup_stm32l476rgtx.o
                0x0800106c                Reset_Handler
 .text.Default_Handler
                0x080010bc        0x2 ./Core/Startup/startup_stm32l476rgtx.o
                0x080010bc                RTC_Alarm_IRQHandler
                0x080010bc                EXTI2_IRQHandler
                0x080010bc                TIM8_TRG_COM_IRQHandler
                0x080010bc                TIM8_CC_IRQHandler
                0x080010bc                TIM1_CC_IRQHandler
                0x080010bc                TSC_IRQHandler
                0x080010bc                TAMP_STAMP_IRQHandler
                0x080010bc                EXTI3_IRQHandler
                0x080010bc                LPTIM2_IRQHandler
                0x080010bc                DFSDM1_FLT1_IRQHandler
                0x080010bc                I2C3_ER_IRQHandler
                0x080010bc                DFSDM1_FLT2_IRQHandler
                0x080010bc                EXTI0_IRQHandler
                0x080010bc                I2C2_EV_IRQHandler
                0x080010bc                CAN1_RX0_IRQHandler
                0x080010bc                FPU_IRQHandler
                0x080010bc                ADC1_2_IRQHandler
                0x080010bc                SPI1_IRQHandler
                0x080010bc                TIM6_DAC_IRQHandler
                0x080010bc                TIM8_UP_IRQHandler
                0x080010bc                DMA2_Channel2_IRQHandler
                0x080010bc                DMA1_Channel4_IRQHandler
                0x080010bc                SAI2_IRQHandler
                0x080010bc                DFSDM1_FLT3_IRQHandler
                0x080010bc                USART3_IRQHandler
                0x080010bc                DMA1_Channel7_IRQHandler
                0x080010bc                CAN1_RX1_IRQHandler
                0x080010bc                LCD_IRQHandler
                0x080010bc                UART5_IRQHandler
                0x080010bc                ADC3_IRQHandler
                0x080010bc                TIM4_IRQHandler
                0x080010bc                DMA2_Channel1_IRQHandler
                0x080010bc                QUADSPI_IRQHandler
                0x080010bc                I2C1_EV_IRQHandler
                0x080010bc                DMA1_Channel6_IRQHandler
                0x080010bc                UART4_IRQHandler
                0x080010bc                DMA2_Channel4_IRQHandler
                0x080010bc                TIM3_IRQHandler
                0x080010bc                RCC_IRQHandler
                0x080010bc                DMA1_Channel1_IRQHandler
                0x080010bc                Default_Handler
                0x080010bc                DMA2_Channel7_IRQHandler
                0x080010bc                EXTI15_10_IRQHandler
                0x080010bc                TIM7_IRQHandler
                0x080010bc                SDMMC1_IRQHandler
                0x080010bc                TIM5_IRQHandler
                0x080010bc                I2C3_EV_IRQHandler
                0x080010bc                EXTI9_5_IRQHandler
                0x080010bc                RTC_WKUP_IRQHandler
                0x080010bc                PVD_PVM_IRQHandler
                0x080010bc                SPI2_IRQHandler
                0x080010bc                CAN1_TX_IRQHandler
                0x080010bc                DMA2_Channel5_IRQHandler
                0x080010bc                DMA1_Channel5_IRQHandler
                0x080010bc                EXTI4_IRQHandler
                0x080010bc                RNG_IRQHandler
                0x080010bc                TIM1_TRG_COM_TIM17_IRQHandler
                0x080010bc                DMA1_Channel3_IRQHandler
                0x080010bc                COMP_IRQHandler
                0x080010bc                WWDG_IRQHandler
                0x080010bc                LPUART1_IRQHandler
                0x080010bc                DMA2_Channel6_IRQHandler
                0x080010bc                TIM2_IRQHandler
                0x080010bc                EXTI1_IRQHandler
                0x080010bc                USART2_IRQHandler
                0x080010bc                DFSDM1_FLT0_IRQHandler
                0x080010bc                I2C2_ER_IRQHandler
                0x080010bc                DMA1_Channel2_IRQHandler
                0x080010bc                TIM8_BRK_IRQHandler
                0x080010bc                CAN1_SCE_IRQHandler
                0x080010bc                FLASH_IRQHandler
                0x080010bc                USART1_IRQHandler
                0x080010bc                OTG_FS_IRQHandler
                0x080010bc                SPI3_IRQHandler
                0x080010bc                I2C1_ER_IRQHandler
                0x080010bc                FMC_IRQHandler
                0x080010bc                SWPMI1_IRQHandler
                0x080010bc                LPTIM1_IRQHandler
                0x080010bc                SAI1_IRQHandler
                0x080010bc                DMA2_Channel3_IRQHandler
                0x080010bc                TIM1_BRK_TIM15_IRQHandler
 *fill*         0x080010be        0x2 
 .text.HAL_Init
                0x080010c0       0x40 ./Drivers/STM32L4xx_HAL_Driver/stm32l4xx_hal.o
                0x080010c0                HAL_Init
 .text.HAL_InitTick
                0x08001100       0x78 ./Drivers/STM32L4xx_HAL_Driver/stm32l4xx_hal.o
                0x08001100                HAL_InitTick
 .text.HAL_IncTick
                0x08001178       0x28 ./Drivers/STM32L4xx_HAL_Driver/stm32l4xx_hal.o
                0x08001178                HAL_IncTick
 .text.HAL_GetTick
                0x080011a0       0x18 ./Drivers/STM32L4xx_HAL_Driver/stm32l4xx_hal.o
                0x080011a0                HAL_GetTick
 .text.__NVIC_SetPriorityGrouping
                0x080011b8       0x48 ./Drivers/STM32L4xx_HAL_Driver/stm32l4xx_hal_cortex.o
 .text.__NVIC_GetPriorityGrouping
                0x08001200       0x1c ./Drivers/STM32L4xx_HAL_Driver/stm32l4xx_hal_cortex.o
 .text.__NVIC_EnableIRQ
                0x0800121c       0x3c ./Drivers/STM32L4xx_HAL_Driver/stm32l4xx_hal_cortex.o
 .text.__NVIC_SetPriority
                0x08001258       0x54 ./Drivers/STM32L4xx_HAL_Driver/stm32l4xx_hal_cortex.o
 .text.NVIC_EncodePriority
                0x080012ac       0x66 ./Drivers/STM32L4xx_HAL_Driver/stm32l4xx_hal_cortex.o
 *fill*         0x08001312        0x2 
 .text.SysTick_Config
                0x08001314       0x44 ./Drivers/STM32L4xx_HAL_Driver/stm32l4xx_hal_cortex.o
 .text.HAL_NVIC_SetPriorityGrouping
                0x08001358       0x16 ./Drivers/STM32L4xx_HAL_Driver/stm32l4xx_hal_cortex.o
                0x08001358                HAL_NVIC_SetPriorityGrouping
 .text.HAL_NVIC_SetPriority
                0x0800136e       0x38 ./Drivers/STM32L4xx_HAL_Driver/stm32l4xx_hal_cortex.o
                0x0800136e                HAL_NVIC_SetPriority
 .text.HAL_NVIC_EnableIRQ
                0x080013a6       0x1c ./Drivers/STM32L4xx_HAL_Driver/stm32l4xx_hal_cortex.o
                0x080013a6                HAL_NVIC_EnableIRQ
 .text.HAL_SYSTICK_Config
                0x080013c2       0x18 ./Drivers/STM32L4xx_HAL_Driver/stm32l4xx_hal_cortex.o
                0x080013c2                HAL_SYSTICK_Config
 *fill*         0x080013da        0x2 
 .text.HAL_GPIO_Init
                0x080013dc      0x354 ./Drivers/STM32L4xx_HAL_Driver/stm32l4xx_hal_gpio.o
                0x080013dc                HAL_GPIO_Init
 .text.HAL_GPIO_WritePin
                0x08001730       0x30 ./Drivers/STM32L4xx_HAL_Driver/stm32l4xx_hal_gpio.o
                0x08001730                HAL_GPIO_WritePin
 .text.HAL_PWREx_GetVoltageRange
                0x08001760       0x1c ./Drivers/STM32L4xx_HAL_Driver/stm32l4xx_hal_pwr_ex.o
                0x08001760                HAL_PWREx_GetVoltageRange
 .text.HAL_PWREx_ControlVoltageScaling
                0x0800177c       0xac ./Drivers/STM32L4xx_HAL_Driver/stm32l4xx_hal_pwr_ex.o
                0x0800177c                HAL_PWREx_ControlVoltageScaling
 .text.HAL_RCC_OscConfig
                0x08001828      0x7b8 ./Drivers/STM32L4xx_HAL_Driver/stm32l4xx_hal_rcc.o
                0x08001828                HAL_RCC_OscConfig
 .text.HAL_RCC_ClockConfig
                0x08001fe0      0x200 ./Drivers/STM32L4xx_HAL_Driver/stm32l4xx_hal_rcc.o
                0x08001fe0                HAL_RCC_ClockConfig
 .text.HAL_RCC_GetSysClockFreq
                0x080021e0      0x118 ./Drivers/STM32L4xx_HAL_Driver/stm32l4xx_hal_rcc.o
                0x080021e0                HAL_RCC_GetSysClockFreq
 .text.HAL_RCC_GetHCLKFreq
                0x080022f8       0x18 ./Drivers/STM32L4xx_HAL_Driver/stm32l4xx_hal_rcc.o
                0x080022f8                HAL_RCC_GetHCLKFreq
 .text.HAL_RCC_GetPCLK1Freq
                0x08002310       0x2c ./Drivers/STM32L4xx_HAL_Driver/stm32l4xx_hal_rcc.o
                0x08002310                HAL_RCC_GetPCLK1Freq
 .text.HAL_RCC_GetPCLK2Freq
                0x0800233c       0x2c ./Drivers/STM32L4xx_HAL_Driver/stm32l4xx_hal_rcc.o
                0x0800233c                HAL_RCC_GetPCLK2Freq
 .text.RCC_SetFlashLatencyFromMSIRange
                0x08002368       0xc0 ./Drivers/STM32L4xx_HAL_Driver/stm32l4xx_hal_rcc.o
 .text.HAL_RCCEx_PeriphCLKConfig
                0x08002428      0x5d4 ./Drivers/STM32L4xx_HAL_Driver/stm32l4xx_hal_rcc_ex.o
                0x08002428                HAL_RCCEx_PeriphCLKConfig
 .text.RCCEx_PLLSAI1_Config
                0x080029fc      0x1e8 ./Drivers/STM32L4xx_HAL_Driver/stm32l4xx_hal_rcc_ex.o
 .text.RCCEx_PLLSAI2_Config
                0x08002be4      0x1bc ./Drivers/STM32L4xx_HAL_Driver/stm32l4xx_hal_rcc_ex.o
 .text.HAL_SPI_Init
                0x08002da0      0x146 ./Drivers/STM32L4xx_HAL_Driver/stm32l4xx_hal_spi.o
                0x08002da0                HAL_SPI_Init
 .text.HAL_SPI_Transmit
                0x08002ee6      0x2ea ./Drivers/STM32L4xx_HAL_Driver/stm32l4xx_hal_spi.o
                0x08002ee6                HAL_SPI_Transmit
 .text.HAL_SPI_Receive
                0x080031d0      0x26e ./Drivers/STM32L4xx_HAL_Driver/stm32l4xx_hal_spi.o
                0x080031d0                HAL_SPI_Receive
 .text.HAL_SPI_TransmitReceive
                0x0800343e      0x444 ./Drivers/STM32L4xx_HAL_Driver/stm32l4xx_hal_spi.o
                0x0800343e                HAL_SPI_TransmitReceive
 *fill*         0x08003882        0x2 
 .text.SPI_WaitFlagStateUntilTimeout
                0x08003884      0x110 ./Drivers/STM32L4xx_HAL_Driver/stm32l4xx_hal_spi.o
 .text.SPI_WaitFifoStateUntilTimeout
                0x08003994      0x12c ./Drivers/STM32L4xx_HAL_Driver/stm32l4xx_hal_spi.o
 .text.SPI_EndRxTransaction
                0x08003ac0       0xb0 ./Drivers/STM32L4xx_HAL_Driver/stm32l4xx_hal_spi.o
 .text.SPI_EndRxTxTransaction
                0x08003b70       0x8c ./Drivers/STM32L4xx_HAL_Driver/stm32l4xx_hal_spi.o
 .text.HAL_TIM_Base_Init
                0x08003bfc       0xae ./Drivers/STM32L4xx_HAL_Driver/stm32l4xx_hal_tim.o
                0x08003bfc                HAL_TIM_Base_Init
 *fill*         0x08003caa        0x2 
 .text.HAL_TIM_Base_Start_IT
                0x08003cac       0xe0 ./Drivers/STM32L4xx_HAL_Driver/stm32l4xx_hal_tim.o
                0x08003cac                HAL_TIM_Base_Start_IT
 .text.HAL_TIM_IRQHandler
                0x08003d8c      0x204 ./Drivers/STM32L4xx_HAL_Driver/stm32l4xx_hal_tim.o
                0x08003d8c                HAL_TIM_IRQHandler
 .text.HAL_TIM_OC_DelayElapsedCallback
                0x08003f90       0x14 ./Drivers/STM32L4xx_HAL_Driver/stm32l4xx_hal_tim.o
                0x08003f90                HAL_TIM_OC_DelayElapsedCallback
 .text.HAL_TIM_IC_CaptureCallback
                0x08003fa4       0x14 ./Drivers/STM32L4xx_HAL_Driver/stm32l4xx_hal_tim.o
                0x08003fa4                HAL_TIM_IC_CaptureCallback
 .text.HAL_TIM_PWM_PulseFinishedCallback
                0x08003fb8       0x14 ./Drivers/STM32L4xx_HAL_Driver/stm32l4xx_hal_tim.o
                0x08003fb8                HAL_TIM_PWM_PulseFinishedCallback
 .text.HAL_TIM_TriggerCallback
                0x08003fcc       0x14 ./Drivers/STM32L4xx_HAL_Driver/stm32l4xx_hal_tim.o
                0x08003fcc                HAL_TIM_TriggerCallback
 .text.TIM_Base_SetConfig
                0x08003fe0      0x134 ./Drivers/STM32L4xx_HAL_Driver/stm32l4xx_hal_tim.o
                0x08003fe0                TIM_Base_SetConfig
 .text.HAL_TIMEx_CommutCallback
                0x08004114       0x14 ./Drivers/STM32L4xx_HAL_Driver/stm32l4xx_hal_tim_ex.o
                0x08004114                HAL_TIMEx_CommutCallback
 .text.HAL_TIMEx_BreakCallback
                0x08004128       0x14 ./Drivers/STM32L4xx_HAL_Driver/stm32l4xx_hal_tim_ex.o
                0x08004128                HAL_TIMEx_BreakCallback
 .text.HAL_TIMEx_Break2Callback
                0x0800413c       0x14 ./Drivers/STM32L4xx_HAL_Driver/stm32l4xx_hal_tim_ex.o
                0x0800413c                HAL_TIMEx_Break2Callback
 .text.HAL_UART_Init
                0x08004150       0x9c ./Drivers/STM32L4xx_HAL_Driver/stm32l4xx_hal_uart.o
                0x08004150                HAL_UART_Init
 .text.HAL_UART_Transmit
                0x080041ec      0x112 ./Drivers/STM32L4xx_HAL_Driver/stm32l4xx_hal_uart.o
                0x080041ec                HAL_UART_Transmit
 *fill*         0x080042fe        0x2 
 .text.UART_SetConfig
                0x08004300      0x570 ./Drivers/STM32L4xx_HAL_Driver/stm32l4xx_hal_uart.o
                0x08004300                UART_SetConfig
 .text.UART_AdvFeatureConfig
                0x08004870      0x144 ./Drivers/STM32L4xx_HAL_Driver/stm32l4xx_hal_uart.o
                0x08004870                UART_AdvFeatureConfig
 .text.UART_CheckIdleState
                0x080049b4      0x150 ./Drivers/STM32L4xx_HAL_Driver/stm32l4xx_hal_uart.o
                0x080049b4                UART_CheckIdleState
 .text.UART_WaitOnFlagUntilTimeout
                0x08004b04       0xce ./Drivers/STM32L4xx_HAL_Driver/stm32l4xx_hal_uart.o
                0x08004b04                UART_WaitOnFlagUntilTimeout
 .text.UART_EndRxTransfer
                0x08004bd2       0xc8 ./Drivers/STM32L4xx_HAL_Driver/stm32l4xx_hal_uart.o
 *fill*         0x08004c9a        0x2 
 .text.WIZCHIP_READ
                0x08004c9c       0x98 ./Drivers/ioLibrary_Driver/Ethernet/W5500/w5500.o
                0x08004c9c                WIZCHIP_READ
 .text.WIZCHIP_WRITE
                0x08004d34       0x9c ./Drivers/ioLibrary_Driver/Ethernet/W5500/w5500.o
                0x08004d34                WIZCHIP_WRITE
 .text.WIZCHIP_READ_BUF
                0x08004dd0       0xc0 ./Drivers/ioLibrary_Driver/Ethernet/W5500/w5500.o
                0x08004dd0                WIZCHIP_READ_BUF
 .text.WIZCHIP_WRITE_BUF
                0x08004e90       0xc0 ./Drivers/ioLibrary_Driver/Ethernet/W5500/w5500.o
                0x08004e90                WIZCHIP_WRITE_BUF
 .text.getSn_TX_FSR
                0x08004f50       0x92 ./Drivers/ioLibrary_Driver/Ethernet/W5500/w5500.o
                0x08004f50                getSn_TX_FSR
 .text.getSn_RX_RSR
                0x08004fe2       0x92 ./Drivers/ioLibrary_Driver/Ethernet/W5500/w5500.o
                0x08004fe2                getSn_RX_RSR
 .text.wiz_send_data
                0x08005074       0xb4 ./Drivers/ioLibrary_Driver/Ethernet/W5500/w5500.o
                0x08005074                wiz_send_data
 .text.wiz_recv_data
                0x08005128       0xb4 ./Drivers/ioLibrary_Driver/Ethernet/W5500/w5500.o
                0x08005128                wiz_recv_data
 .text.socket   0x080051dc      0x228 ./Drivers/ioLibrary_Driver/Ethernet/socket.o
                0x080051dc                socket
 .text.close    0x08005404       0xdc ./Drivers/ioLibrary_Driver/Ethernet/socket.o
                0x08005404                close
 .text.connect  0x080054e0      0x1b8 ./Drivers/ioLibrary_Driver/Ethernet/socket.o
                0x080054e0                connect
 .text.disconnect
                0x08005698       0xec ./Drivers/ioLibrary_Driver/Ethernet/socket.o
                0x08005698                disconnect
 .text.send     0x08005784      0x1f0 ./Drivers/ioLibrary_Driver/Ethernet/socket.o
                0x08005784                send
 .text.recv     0x08005974      0x168 ./Drivers/ioLibrary_Driver/Ethernet/socket.o
                0x08005974                recv
 .text.wizchip_cris_enter
                0x08005adc        0xe ./Drivers/ioLibrary_Driver/Ethernet/wizchip_conf.o
                0x08005adc                wizchip_cris_enter
 .text.wizchip_cris_exit
                0x08005aea        0xe ./Drivers/ioLibrary_Driver/Ethernet/wizchip_conf.o
                0x08005aea                wizchip_cris_exit
 .text.wizchip_cs_select
                0x08005af8        0xe ./Drivers/ioLibrary_Driver/Ethernet/wizchip_conf.o
                0x08005af8                wizchip_cs_select
 .text.wizchip_cs_deselect
                0x08005b06        0xe ./Drivers/ioLibrary_Driver/Ethernet/wizchip_conf.o
                0x08005b06                wizchip_cs_deselect
 .text.wizchip_bus_readdata
                0x08005b14       0x1a ./Drivers/ioLibrary_Driver/Ethernet/wizchip_conf.o
                0x08005b14                wizchip_bus_readdata
 .text.wizchip_bus_writedata
                0x08005b2e       0x1e ./Drivers/ioLibrary_Driver/Ethernet/wizchip_conf.o
                0x08005b2e                wizchip_bus_writedata
 .text.wizchip_spi_readbyte
                0x08005b4c       0x10 ./Drivers/ioLibrary_Driver/Ethernet/wizchip_conf.o
                0x08005b4c                wizchip_spi_readbyte
 .text.wizchip_spi_writebyte
                0x08005b5c       0x16 ./Drivers/ioLibrary_Driver/Ethernet/wizchip_conf.o
                0x08005b5c                wizchip_spi_writebyte
 .text.wizchip_spi_readburst
                0x08005b72       0x18 ./Drivers/ioLibrary_Driver/Ethernet/wizchip_conf.o
                0x08005b72                wizchip_spi_readburst
 .text.wizchip_spi_writeburst
                0x08005b8a       0x18 ./Drivers/ioLibrary_Driver/Ethernet/wizchip_conf.o
                0x08005b8a                wizchip_spi_writeburst
 *fill*         0x08005ba2        0x2 
 .text.reg_wizchip_cris_cbfunc
                0x08005ba4       0x4c ./Drivers/ioLibrary_Driver/Ethernet/wizchip_conf.o
                0x08005ba4                reg_wizchip_cris_cbfunc
 .text.reg_wizchip_cs_cbfunc
                0x08005bf0       0x4c ./Drivers/ioLibrary_Driver/Ethernet/wizchip_conf.o
                0x08005bf0                reg_wizchip_cs_cbfunc
 .text.reg_wizchip_spi_cbfunc
                0x08005c3c       0x58 ./Drivers/ioLibrary_Driver/Ethernet/wizchip_conf.o
                0x08005c3c                reg_wizchip_spi_cbfunc
 .text.reg_wizchip_spiburst_cbfunc
                0x08005c94       0x58 ./Drivers/ioLibrary_Driver/Ethernet/wizchip_conf.o
                0x08005c94                reg_wizchip_spiburst_cbfunc
 .text.ctlwizchip
                0x08005cec      0x1c0 ./Drivers/ioLibrary_Driver/Ethernet/wizchip_conf.o
                0x08005cec                ctlwizchip
 .text.ctlnetwork
                0x08005eac       0x7c ./Drivers/ioLibrary_Driver/Ethernet/wizchip_conf.o
                0x08005eac                ctlnetwork
 .text.wizchip_sw_reset
                0x08005f28       0x98 ./Drivers/ioLibrary_Driver/Ethernet/wizchip_conf.o
                0x08005f28                wizchip_sw_reset
 .text.wizchip_init
                0x08005fc0      0x118 ./Drivers/ioLibrary_Driver/Ethernet/wizchip_conf.o
                0x08005fc0                wizchip_init
 .text.wizchip_clrinterrupt
                0x080060d8       0x68 ./Drivers/ioLibrary_Driver/Ethernet/wizchip_conf.o
                0x080060d8                wizchip_clrinterrupt
 .text.wizchip_getinterrupt
                0x08006140       0x4a ./Drivers/ioLibrary_Driver/Ethernet/wizchip_conf.o
                0x08006140                wizchip_getinterrupt
 .text.wizchip_setinterruptmask
                0x0800618a       0x36 ./Drivers/ioLibrary_Driver/Ethernet/wizchip_conf.o
                0x0800618a                wizchip_setinterruptmask
 .text.wizchip_getinterruptmask
                0x080061c0       0x46 ./Drivers/ioLibrary_Driver/Ethernet/wizchip_conf.o
                0x080061c0                wizchip_getinterruptmask
 .text.wizphy_getphylink
                0x08006206       0x2c ./Drivers/ioLibrary_Driver/Ethernet/wizchip_conf.o
                0x08006206                wizphy_getphylink
 .text.wizphy_getphypmode
                0x08006232       0x32 ./Drivers/ioLibrary_Driver/Ethernet/wizchip_conf.o
                0x08006232                wizphy_getphypmode
 .text.wizphy_reset
                0x08006264       0x4e ./Drivers/ioLibrary_Driver/Ethernet/wizchip_conf.o
                0x08006264                wizphy_reset
 .text.wizphy_setphyconf
                0x080062b2       0x84 ./Drivers/ioLibrary_Driver/Ethernet/wizchip_conf.o
                0x080062b2                wizphy_setphyconf
 *fill*         0x08006336        0x2 
 .text.wizphy_getphyconf
                0x08006338       0xd4 ./Drivers/ioLibrary_Driver/Ethernet/wizchip_conf.o
                0x08006338                wizphy_getphyconf
 .text.wizphy_setphypmode
                0x0800640c       0x94 ./Drivers/ioLibrary_Driver/Ethernet/wizchip_conf.o
                0x0800640c                wizphy_setphypmode
 .text.wizchip_setnetinfo
                0x080064a0       0x80 ./Drivers/ioLibrary_Driver/Ethernet/wizchip_conf.o
                0x080064a0                wizchip_setnetinfo
 .text.wizchip_getnetinfo
                0x08006520       0x80 ./Drivers/ioLibrary_Driver/Ethernet/wizchip_conf.o
                0x08006520                wizchip_getnetinfo
 .text.wizchip_setnetmode
                0x080065a0       0x44 ./Drivers/ioLibrary_Driver/Ethernet/wizchip_conf.o
                0x080065a0                wizchip_setnetmode
 .text.wizchip_getnetmode
                0x080065e4       0x10 ./Drivers/ioLibrary_Driver/Ethernet/wizchip_conf.o
                0x080065e4                wizchip_getnetmode
 .text.wizchip_settimeout
                0x080065f4       0x42 ./Drivers/ioLibrary_Driver/Ethernet/wizchip_conf.o
                0x080065f4                wizchip_settimeout
 .text.wizchip_gettimeout
                0x08006636       0x40 ./Drivers/ioLibrary_Driver/Ethernet/wizchip_conf.o
                0x08006636                wizchip_gettimeout
 *fill*         0x08006676        0x2 
 .text.DHCP_time_handler
                0x08006678       0x1c ./Drivers/ioLibrary_Driver/Internet/DHCP/dhcp.o
                0x08006678                DHCP_time_handler
 .text.std      0x08006694       0x6c /opt/st/stm32cubeide_1.15.1/plugins/com.st.stm32cube.ide.mcu.externaltools.gnu-tools-for-stm32.12.3.rel1.linux64_1.0.100.202403111256/tools/bin/../lib/gcc/arm-none-eabi/12.3.1/../../../../arm-none-eabi/lib/thumb/v7e-m+fp/hard/libc_nano.a(libc_a-findfp.o)
 .text.stdio_exit_handler
                0x08006700       0x18 /opt/st/stm32cubeide_1.15.1/plugins/com.st.stm32cube.ide.mcu.externaltools.gnu-tools-for-stm32.12.3.rel1.linux64_1.0.100.202403111256/tools/bin/../lib/gcc/arm-none-eabi/12.3.1/../../../../arm-none-eabi/lib/thumb/v7e-m+fp/hard/libc_nano.a(libc_a-findfp.o)
 .text.cleanup_stdio
                0x08006718       0x40 /opt/st/stm32cubeide_1.15.1/plugins/com.st.stm32cube.ide.mcu.externaltools.gnu-tools-for-stm32.12.3.rel1.linux64_1.0.100.202403111256/tools/bin/../lib/gcc/arm-none-eabi/12.3.1/../../../../arm-none-eabi/lib/thumb/v7e-m+fp/hard/libc_nano.a(libc_a-findfp.o)
 .text.global_stdio_init.part.0
                0x08006758       0x3c /opt/st/stm32cubeide_1.15.1/plugins/com.st.stm32cube.ide.mcu.externaltools.gnu-tools-for-stm32.12.3.rel1.linux64_1.0.100.202403111256/tools/bin/../lib/gcc/arm-none-eabi/12.3.1/../../../../arm-none-eabi/lib/thumb/v7e-m+fp/hard/libc_nano.a(libc_a-findfp.o)
 .text.__sfp_lock_acquire
                0x08006794        0xc /opt/st/stm32cubeide_1.15.1/plugins/com.st.stm32cube.ide.mcu.externaltools.gnu-tools-for-stm32.12.3.rel1.linux64_1.0.100.202403111256/tools/bin/../lib/gcc/arm-none-eabi/12.3.1/../../../../arm-none-eabi/lib/thumb/v7e-m+fp/hard/libc_nano.a(libc_a-findfp.o)
                0x08006794                __sfp_lock_acquire
 .text.__sfp_lock_release
                0x080067a0        0xc /opt/st/stm32cubeide_1.15.1/plugins/com.st.stm32cube.ide.mcu.externaltools.gnu-tools-for-stm32.12.3.rel1.linux64_1.0.100.202403111256/tools/bin/../lib/gcc/arm-none-eabi/12.3.1/../../../../arm-none-eabi/lib/thumb/v7e-m+fp/hard/libc_nano.a(libc_a-findfp.o)
                0x080067a0                __sfp_lock_release
 .text.__sinit  0x080067ac       0x30 /opt/st/stm32cubeide_1.15.1/plugins/com.st.stm32cube.ide.mcu.externaltools.gnu-tools-for-stm32.12.3.rel1.linux64_1.0.100.202403111256/tools/bin/../lib/gcc/arm-none-eabi/12.3.1/../../../../arm-none-eabi/lib/thumb/v7e-m+fp/hard/libc_nano.a(libc_a-findfp.o)
                0x080067ac                __sinit
 .text._fwalk_sglue
                0x080067dc       0x3c /opt/st/stm32cubeide_1.15.1/plugins/com.st.stm32cube.ide.mcu.externaltools.gnu-tools-for-stm32.12.3.rel1.linux64_1.0.100.202403111256/tools/bin/../lib/gcc/arm-none-eabi/12.3.1/../../../../arm-none-eabi/lib/thumb/v7e-m+fp/hard/libc_nano.a(libc_a-fwalk.o)
                0x080067dc                _fwalk_sglue
 .text.printf   0x08006818       0x24 /opt/st/stm32cubeide_1.15.1/plugins/com.st.stm32cube.ide.mcu.externaltools.gnu-tools-for-stm32.12.3.rel1.linux64_1.0.100.202403111256/tools/bin/../lib/gcc/arm-none-eabi/12.3.1/../../../../arm-none-eabi/lib/thumb/v7e-m+fp/hard/libc_nano.a(libc_a-printf.o)
                0x08006818                printf
                0x08006818                iprintf
 .text._puts_r  0x0800683c       0xaa /opt/st/stm32cubeide_1.15.1/plugins/com.st.stm32cube.ide.mcu.externaltools.gnu-tools-for-stm32.12.3.rel1.linux64_1.0.100.202403111256/tools/bin/../lib/gcc/arm-none-eabi/12.3.1/../../../../arm-none-eabi/lib/thumb/v7e-m+fp/hard/libc_nano.a(libc_a-puts.o)
                0x0800683c                _puts_r
 *fill*         0x080068e6        0x2 
 .text.puts     0x080068e8       0x10 /opt/st/stm32cubeide_1.15.1/plugins/com.st.stm32cube.ide.mcu.externaltools.gnu-tools-for-stm32.12.3.rel1.linux64_1.0.100.202403111256/tools/bin/../lib/gcc/arm-none-eabi/12.3.1/../../../../arm-none-eabi/lib/thumb/v7e-m+fp/hard/libc_nano.a(libc_a-puts.o)
                0x080068e8                puts
 .text.__sread  0x080068f8       0x22 /opt/st/stm32cubeide_1.15.1/plugins/com.st.stm32cube.ide.mcu.externaltools.gnu-tools-for-stm32.12.3.rel1.linux64_1.0.100.202403111256/tools/bin/../lib/gcc/arm-none-eabi/12.3.1/../../../../arm-none-eabi/lib/thumb/v7e-m+fp/hard/libc_nano.a(libc_a-stdio.o)
                0x080068f8                __sread
 .text.__swrite
                0x0800691a       0x38 /opt/st/stm32cubeide_1.15.1/plugins/com.st.stm32cube.ide.mcu.externaltools.gnu-tools-for-stm32.12.3.rel1.linux64_1.0.100.202403111256/tools/bin/../lib/gcc/arm-none-eabi/12.3.1/../../../../arm-none-eabi/lib/thumb/v7e-m+fp/hard/libc_nano.a(libc_a-stdio.o)
                0x0800691a                __swrite
 .text.__sseek  0x08006952       0x24 /opt/st/stm32cubeide_1.15.1/plugins/com.st.stm32cube.ide.mcu.externaltools.gnu-tools-for-stm32.12.3.rel1.linux64_1.0.100.202403111256/tools/bin/../lib/gcc/arm-none-eabi/12.3.1/../../../../arm-none-eabi/lib/thumb/v7e-m+fp/hard/libc_nano.a(libc_a-stdio.o)
                0x08006952                __sseek
 .text.__sclose
                0x08006976        0x8 /opt/st/stm32cubeide_1.15.1/plugins/com.st.stm32cube.ide.mcu.externaltools.gnu-tools-for-stm32.12.3.rel1.linux64_1.0.100.202403111256/tools/bin/../lib/gcc/arm-none-eabi/12.3.1/../../../../arm-none-eabi/lib/thumb/v7e-m+fp/hard/libc_nano.a(libc_a-stdio.o)
                0x08006976                __sclose
 .text.__swbuf_r
                0x0800697e       0x7c /opt/st/stm32cubeide_1.15.1/plugins/com.st.stm32cube.ide.mcu.externaltools.gnu-tools-for-stm32.12.3.rel1.linux64_1.0.100.202403111256/tools/bin/../lib/gcc/arm-none-eabi/12.3.1/../../../../arm-none-eabi/lib/thumb/v7e-m+fp/hard/libc_nano.a(libc_a-wbuf.o)
                0x0800697e                __swbuf_r
 *fill*         0x080069fa        0x2 
 .text.__swsetup_r
                0x080069fc       0xac /opt/st/stm32cubeide_1.15.1/plugins/com.st.stm32cube.ide.mcu.externaltools.gnu-tools-for-stm32.12.3.rel1.linux64_1.0.100.202403111256/tools/bin/../lib/gcc/arm-none-eabi/12.3.1/../../../../arm-none-eabi/lib/thumb/v7e-m+fp/hard/libc_nano.a(libc_a-wsetup.o)
                0x080069fc                __swsetup_r
 .text.memset   0x08006aa8       0x10 /opt/st/stm32cubeide_1.15.1/plugins/com.st.stm32cube.ide.mcu.externaltools.gnu-tools-for-stm32.12.3.rel1.linux64_1.0.100.202403111256/tools/bin/../lib/gcc/arm-none-eabi/12.3.1/../../../../arm-none-eabi/lib/thumb/v7e-m+fp/hard/libc_nano.a(libc_a-memset.o)
                0x08006aa8                memset
 .text._close_r
                0x08006ab8       0x20 /opt/st/stm32cubeide_1.15.1/plugins/com.st.stm32cube.ide.mcu.externaltools.gnu-tools-for-stm32.12.3.rel1.linux64_1.0.100.202403111256/tools/bin/../lib/gcc/arm-none-eabi/12.3.1/../../../../arm-none-eabi/lib/thumb/v7e-m+fp/hard/libc_nano.a(libc_a-closer.o)
                0x08006ab8                _close_r
 .text._lseek_r
                0x08006ad8       0x24 /opt/st/stm32cubeide_1.15.1/plugins/com.st.stm32cube.ide.mcu.externaltools.gnu-tools-for-stm32.12.3.rel1.linux64_1.0.100.202403111256/tools/bin/../lib/gcc/arm-none-eabi/12.3.1/../../../../arm-none-eabi/lib/thumb/v7e-m+fp/hard/libc_nano.a(libc_a-lseekr.o)
                0x08006ad8                _lseek_r
 .text._read_r  0x08006afc       0x24 /opt/st/stm32cubeide_1.15.1/plugins/com.st.stm32cube.ide.mcu.externaltools.gnu-tools-for-stm32.12.3.rel1.linux64_1.0.100.202403111256/tools/bin/../lib/gcc/arm-none-eabi/12.3.1/../../../../arm-none-eabi/lib/thumb/v7e-m+fp/hard/libc_nano.a(libc_a-readr.o)
                0x08006afc                _read_r
 .text._write_r
                0x08006b20       0x24 /opt/st/stm32cubeide_1.15.1/plugins/com.st.stm32cube.ide.mcu.externaltools.gnu-tools-for-stm32.12.3.rel1.linux64_1.0.100.202403111256/tools/bin/../lib/gcc/arm-none-eabi/12.3.1/../../../../arm-none-eabi/lib/thumb/v7e-m+fp/hard/libc_nano.a(libc_a-writer.o)
                0x08006b20                _write_r
 .text.__errno  0x08006b44        0xc /opt/st/stm32cubeide_1.15.1/plugins/com.st.stm32cube.ide.mcu.externaltools.gnu-tools-for-stm32.12.3.rel1.linux64_1.0.100.202403111256/tools/bin/../lib/gcc/arm-none-eabi/12.3.1/../../../../arm-none-eabi/lib/thumb/v7e-m+fp/hard/libc_nano.a(libc_a-errno.o)
                0x08006b44                __errno
 .text.__libc_init_array
                0x08006b50       0x48 /opt/st/stm32cubeide_1.15.1/plugins/com.st.stm32cube.ide.mcu.externaltools.gnu-tools-for-stm32.12.3.rel1.linux64_1.0.100.202403111256/tools/bin/../lib/gcc/arm-none-eabi/12.3.1/../../../../arm-none-eabi/lib/thumb/v7e-m+fp/hard/libc_nano.a(libc_a-init.o)
                0x08006b50                __libc_init_array
 .text.__retarget_lock_init_recursive
                0x08006b98        0x2 /opt/st/stm32cubeide_1.15.1/plugins/com.st.stm32cube.ide.mcu.externaltools.gnu-tools-for-stm32.12.3.rel1.linux64_1.0.100.202403111256/tools/bin/../lib/gcc/arm-none-eabi/12.3.1/../../../../arm-none-eabi/lib/thumb/v7e-m+fp/hard/libc_nano.a(libc_a-lock.o)
                0x08006b98                __retarget_lock_init_recursive
 .text.__retarget_lock_acquire_recursive
                0x08006b9a        0x2 /opt/st/stm32cubeide_1.15.1/plugins/com.st.stm32cube.ide.mcu.externaltools.gnu-tools-for-stm32.12.3.rel1.linux64_1.0.100.202403111256/tools/bin/../lib/gcc/arm-none-eabi/12.3.1/../../../../arm-none-eabi/lib/thumb/v7e-m+fp/hard/libc_nano.a(libc_a-lock.o)
                0x08006b9a                __retarget_lock_acquire_recursive
 .text.__retarget_lock_release_recursive
                0x08006b9c        0x2 /opt/st/stm32cubeide_1.15.1/plugins/com.st.stm32cube.ide.mcu.externaltools.gnu-tools-for-stm32.12.3.rel1.linux64_1.0.100.202403111256/tools/bin/../lib/gcc/arm-none-eabi/12.3.1/../../../../arm-none-eabi/lib/thumb/v7e-m+fp/hard/libc_nano.a(libc_a-lock.o)
                0x08006b9c                __retarget_lock_release_recursive
 *fill*         0x08006b9e        0x2 
 .text._free_r  0x08006ba0       0x94 /opt/st/stm32cubeide_1.15.1/plugins/com.st.stm32cube.ide.mcu.externaltools.gnu-tools-for-stm32.12.3.rel1.linux64_1.0.100.202403111256/tools/bin/../lib/gcc/arm-none-eabi/12.3.1/../../../../arm-none-eabi/lib/thumb/v7e-m+fp/hard/libc_nano.a(libc_a-freer.o)
                0x08006ba0                _free_r
 .text.sbrk_aligned
                0x08006c34       0x44 /opt/st/stm32cubeide_1.15.1/plugins/com.st.stm32cube.ide.mcu.externaltools.gnu-tools-for-stm32.12.3.rel1.linux64_1.0.100.202403111256/tools/bin/../lib/gcc/arm-none-eabi/12.3.1/../../../../arm-none-eabi/lib/thumb/v7e-m+fp/hard/libc_nano.a(libc_a-mallocr.o)
 .text._malloc_r
                0x08006c78      0x100 /opt/st/stm32cubeide_1.15.1/plugins/com.st.stm32cube.ide.mcu.externaltools.gnu-tools-for-stm32.12.3.rel1.linux64_1.0.100.202403111256/tools/bin/../lib/gcc/arm-none-eabi/12.3.1/../../../../arm-none-eabi/lib/thumb/v7e-m+fp/hard/libc_nano.a(libc_a-mallocr.o)
                0x08006c78                _malloc_r
 .text.__malloc_lock
                0x08006d78        0xc /opt/st/stm32cubeide_1.15.1/plugins/com.st.stm32cube.ide.mcu.externaltools.gnu-tools-for-stm32.12.3.rel1.linux64_1.0.100.202403111256/tools/bin/../lib/gcc/arm-none-eabi/12.3.1/../../../../arm-none-eabi/lib/thumb/v7e-m+fp/hard/libc_nano.a(libc_a-mlock.o)
                0x08006d78                __malloc_lock
 .text.__malloc_unlock
                0x08006d84        0xc /opt/st/stm32cubeide_1.15.1/plugins/com.st.stm32cube.ide.mcu.externaltools.gnu-tools-for-stm32.12.3.rel1.linux64_1.0.100.202403111256/tools/bin/../lib/gcc/arm-none-eabi/12.3.1/../../../../arm-none-eabi/lib/thumb/v7e-m+fp/hard/libc_nano.a(libc_a-mlock.o)
                0x08006d84                __malloc_unlock
 .text.__sfputc_r
                0x08006d90       0x2e /opt/st/stm32cubeide_1.15.1/plugins/com.st.stm32cube.ide.mcu.externaltools.gnu-tools-for-stm32.12.3.rel1.linux64_1.0.100.202403111256/tools/bin/../lib/gcc/arm-none-eabi/12.3.1/../../../../arm-none-eabi/lib/thumb/v7e-m+fp/hard/libc_nano.a(libc_a-nano-vfprintf.o)
 .text.__sfputs_r
                0x08006dbe       0x24 /opt/st/stm32cubeide_1.15.1/plugins/com.st.stm32cube.ide.mcu.externaltools.gnu-tools-for-stm32.12.3.rel1.linux64_1.0.100.202403111256/tools/bin/../lib/gcc/arm-none-eabi/12.3.1/../../../../arm-none-eabi/lib/thumb/v7e-m+fp/hard/libc_nano.a(libc_a-nano-vfprintf.o)
                0x08006dbe                __sfputs_r
 *fill*         0x08006de2        0x2 
 .text._vfprintf_r
                0x08006de4      0x230 /opt/st/stm32cubeide_1.15.1/plugins/com.st.stm32cube.ide.mcu.externaltools.gnu-tools-for-stm32.12.3.rel1.linux64_1.0.100.202403111256/tools/bin/../lib/gcc/arm-none-eabi/12.3.1/../../../../arm-none-eabi/lib/thumb/v7e-m+fp/hard/libc_nano.a(libc_a-nano-vfprintf.o)
                0x08006de4                _vfiprintf_r
                0x08006de4                _vfprintf_r
 .text._printf_common
                0x08007014       0xda /opt/st/stm32cubeide_1.15.1/plugins/com.st.stm32cube.ide.mcu.externaltools.gnu-tools-for-stm32.12.3.rel1.linux64_1.0.100.202403111256/tools/bin/../lib/gcc/arm-none-eabi/12.3.1/../../../../arm-none-eabi/lib/thumb/v7e-m+fp/hard/libc_nano.a(libc_a-nano-vfprintf_i.o)
                0x08007014                _printf_common
 *fill*         0x080070ee        0x2 
 .text._printf_i
                0x080070f0      0x240 /opt/st/stm32cubeide_1.15.1/plugins/com.st.stm32cube.ide.mcu.externaltools.gnu-tools-for-stm32.12.3.rel1.linux64_1.0.100.202403111256/tools/bin/../lib/gcc/arm-none-eabi/12.3.1/../../../../arm-none-eabi/lib/thumb/v7e-m+fp/hard/libc_nano.a(libc_a-nano-vfprintf_i.o)
                0x080070f0                _printf_i
 .text.__sflush_r
                0x08007330      0x108 /opt/st/stm32cubeide_1.15.1/plugins/com.st.stm32cube.ide.mcu.externaltools.gnu-tools-for-stm32.12.3.rel1.linux64_1.0.100.202403111256/tools/bin/../lib/gcc/arm-none-eabi/12.3.1/../../../../arm-none-eabi/lib/thumb/v7e-m+fp/hard/libc_nano.a(libc_a-fflush.o)
                0x08007330                __sflush_r
 .text._fflush_r
                0x08007438       0x50 /opt/st/stm32cubeide_1.15.1/plugins/com.st.stm32cube.ide.mcu.externaltools.gnu-tools-for-stm32.12.3.rel1.linux64_1.0.100.202403111256/tools/bin/../lib/gcc/arm-none-eabi/12.3.1/../../../../arm-none-eabi/lib/thumb/v7e-m+fp/hard/libc_nano.a(libc_a-fflush.o)
                0x08007438                _fflush_r
 .text.__swhatbuf_r
                0x08007488       0x4c /opt/st/stm32cubeide_1.15.1/plugins/com.st.stm32cube.ide.mcu.externaltools.gnu-tools-for-stm32.12.3.rel1.linux64_1.0.100.202403111256/tools/bin/../lib/gcc/arm-none-eabi/12.3.1/../../../../arm-none-eabi/lib/thumb/v7e-m+fp/hard/libc_nano.a(libc_a-makebuf.o)
                0x08007488                __swhatbuf_r
 .text.__smakebuf_r
                0x080074d4       0x78 /opt/st/stm32cubeide_1.15.1/plugins/com.st.stm32cube.ide.mcu.externaltools.gnu-tools-for-stm32.12.3.rel1.linux64_1.0.100.202403111256/tools/bin/../lib/gcc/arm-none-eabi/12.3.1/../../../../arm-none-eabi/lib/thumb/v7e-m+fp/hard/libc_nano.a(libc_a-makebuf.o)
                0x080074d4                __smakebuf_r
 .text._fstat_r
                0x0800754c       0x24 /opt/st/stm32cubeide_1.15.1/plugins/com.st.stm32cube.ide.mcu.externaltools.gnu-tools-for-stm32.12.3.rel1.linux64_1.0.100.202403111256/tools/bin/../lib/gcc/arm-none-eabi/12.3.1/../../../../arm-none-eabi/lib/thumb/v7e-m+fp/hard/libc_nano.a(libc_a-fstatr.o)
                0x0800754c                _fstat_r
 .text._isatty_r
                0x08007570       0x20 /opt/st/stm32cubeide_1.15.1/plugins/com.st.stm32cube.ide.mcu.externaltools.gnu-tools-for-stm32.12.3.rel1.linux64_1.0.100.202403111256/tools/bin/../lib/gcc/arm-none-eabi/12.3.1/../../../../arm-none-eabi/lib/thumb/v7e-m+fp/hard/libc_nano.a(libc_a-isattyr.o)
                0x08007570                _isatty_r
 .text._sbrk_r  0x08007590       0x20 /opt/st/stm32cubeide_1.15.1/plugins/com.st.stm32cube.ide.mcu.externaltools.gnu-tools-for-stm32.12.3.rel1.linux64_1.0.100.202403111256/tools/bin/../lib/gcc/arm-none-eabi/12.3.1/../../../../arm-none-eabi/lib/thumb/v7e-m+fp/hard/libc_nano.a(libc_a-sbrkr.o)
                0x08007590                _sbrk_r
 *(.glue_7)
 .glue_7        0x080075b0        0x0 linker stubs
 *(.glue_7t)
 .glue_7t       0x080075b0        0x0 linker stubs
 *(.eh_frame)
 .eh_frame      0x080075b0        0x0 /opt/st/stm32cubeide_1.15.1/plugins/com.st.stm32cube.ide.mcu.externaltools.gnu-tools-for-stm32.12.3.rel1.linux64_1.0.100.202403111256/tools/bin/../lib/gcc/arm-none-eabi/12.3.1/thumb/v7e-m+fp/hard/crtbegin.o
 *(.init)
 .init          0x080075b0        0x4 /opt/st/stm32cubeide_1.15.1/plugins/com.st.stm32cube.ide.mcu.externaltools.gnu-tools-for-stm32.12.3.rel1.linux64_1.0.100.202403111256/tools/bin/../lib/gcc/arm-none-eabi/12.3.1/thumb/v7e-m+fp/hard/crti.o
                0x080075b0                _init
 .init          0x080075b4        0x8 /opt/st/stm32cubeide_1.15.1/plugins/com.st.stm32cube.ide.mcu.externaltools.gnu-tools-for-stm32.12.3.rel1.linux64_1.0.100.202403111256/tools/bin/../lib/gcc/arm-none-eabi/12.3.1/thumb/v7e-m+fp/hard/crtn.o
 *(.fini)
 .fini          0x080075bc        0x4 /opt/st/stm32cubeide_1.15.1/plugins/com.st.stm32cube.ide.mcu.externaltools.gnu-tools-for-stm32.12.3.rel1.linux64_1.0.100.202403111256/tools/bin/../lib/gcc/arm-none-eabi/12.3.1/thumb/v7e-m+fp/hard/crti.o
                0x080075bc                _fini
 .fini          0x080075c0        0x8 /opt/st/stm32cubeide_1.15.1/plugins/com.st.stm32cube.ide.mcu.externaltools.gnu-tools-for-stm32.12.3.rel1.linux64_1.0.100.202403111256/tools/bin/../lib/gcc/arm-none-eabi/12.3.1/thumb/v7e-m+fp/hard/crtn.o
                0x080075c8                        . = ALIGN (0x4)
                0x080075c8                        _etext = .

.vfp11_veneer   0x080075c8        0x0
 .vfp11_veneer  0x080075c8        0x0 linker stubs

.v4_bx          0x080075c8        0x0
 .v4_bx         0x080075c8        0x0 linker stubs

.iplt           0x080075c8        0x0
 .iplt          0x080075c8        0x0 /opt/st/stm32cubeide_1.15.1/plugins/com.st.stm32cube.ide.mcu.externaltools.gnu-tools-for-stm32.12.3.rel1.linux64_1.0.100.202403111256/tools/bin/../lib/gcc/arm-none-eabi/12.3.1/thumb/v7e-m+fp/hard/crtbegin.o

.rodata         0x080075c8      0x300
                0x080075c8                        . = ALIGN (0x4)
 *(.rodata)
 .rodata        0x080075c8      0x281 ./Core/Src/main.o
 *(.rodata*)
 *fill*         0x08007849        0x3 
 .rodata.AHBPrescTable
                0x0800784c       0x10 ./Core/Src/system_stm32l4xx.o
                0x0800784c                AHBPrescTable
 .rodata.APBPrescTable
                0x0800785c        0x8 ./Core/Src/system_stm32l4xx.o
                0x0800785c                APBPrescTable
 .rodata.MSIRangeTable
                0x08007864       0x30 ./Core/Src/system_stm32l4xx.o
                0x08007864                MSIRangeTable
 .rodata._vfprintf_r.str1.1
                0x08007894       0x11 /opt/st/stm32cubeide_1.15.1/plugins/com.st.stm32cube.ide.mcu.externaltools.gnu-tools-for-stm32.12.3.rel1.linux64_1.0.100.202403111256/tools/bin/../lib/gcc/arm-none-eabi/12.3.1/../../../../arm-none-eabi/lib/thumb/v7e-m+fp/hard/libc_nano.a(libc_a-nano-vfprintf.o)
 .rodata._printf_i.str1.1
                0x080078a5       0x22 /opt/st/stm32cubeide_1.15.1/plugins/com.st.stm32cube.ide.mcu.externaltools.gnu-tools-for-stm32.12.3.rel1.linux64_1.0.100.202403111256/tools/bin/../lib/gcc/arm-none-eabi/12.3.1/../../../../arm-none-eabi/lib/thumb/v7e-m+fp/hard/libc_nano.a(libc_a-nano-vfprintf_i.o)
                0x080078c8                        . = ALIGN (0x4)
 *fill*         0x080078c7        0x1 

.ARM.extab      0x080078c8        0x0
                0x080078c8                        . = ALIGN (0x4)
 *(.ARM.extab* .gnu.linkonce.armextab.*)
                0x080078c8                        . = ALIGN (0x4)

.ARM            0x080078c8        0x8
                0x080078c8                        . = ALIGN (0x4)
                0x080078c8                        __exidx_start = .
 *(.ARM.exidx*)
 .ARM.exidx     0x080078c8        0x8 /opt/st/stm32cubeide_1.15.1/plugins/com.st.stm32cube.ide.mcu.externaltools.gnu-tools-for-stm32.12.3.rel1.linux64_1.0.100.202403111256/tools/bin/../lib/gcc/arm-none-eabi/12.3.1/../../../../arm-none-eabi/lib/thumb/v7e-m+fp/hard/libc_nano.a(libc_a-memchr.o)
 .ARM.exidx     0x080078d0        0x0 /opt/st/stm32cubeide_1.15.1/plugins/com.st.stm32cube.ide.mcu.externaltools.gnu-tools-for-stm32.12.3.rel1.linux64_1.0.100.202403111256/tools/bin/../lib/gcc/arm-none-eabi/12.3.1/thumb/v7e-m+fp/hard/libgcc.a(_udivmoddi4.o)
                                  0x8 (size before relaxing)
                0x080078d0                        __exidx_end = .
                0x080078d0                        . = ALIGN (0x4)

.preinit_array  0x080078d0        0x0
                0x080078d0                        . = ALIGN (0x4)
                0x080078d0                        PROVIDE (__preinit_array_start = .)
 *(.preinit_array*)
                0x080078d0                        PROVIDE (__preinit_array_end = .)
                0x080078d0                        . = ALIGN (0x4)

.init_array     0x080078d0        0x4
                0x080078d0                        . = ALIGN (0x4)
                0x080078d0                        PROVIDE (__init_array_start = .)
 *(SORT_BY_NAME(.init_array.*))
 *(.init_array*)
 .init_array    0x080078d0        0x4 /opt/st/stm32cubeide_1.15.1/plugins/com.st.stm32cube.ide.mcu.externaltools.gnu-tools-for-stm32.12.3.rel1.linux64_1.0.100.202403111256/tools/bin/../lib/gcc/arm-none-eabi/12.3.1/thumb/v7e-m+fp/hard/crtbegin.o
                0x080078d4                        PROVIDE (__init_array_end = .)
                0x080078d4                        . = ALIGN (0x4)

.fini_array     0x080078d4        0x4
                0x080078d4                        . = ALIGN (0x4)
                [!provide]                        PROVIDE (__fini_array_start = .)
 *(SORT_BY_NAME(.fini_array.*))
 *(.fini_array*)
 .fini_array    0x080078d4        0x4 /opt/st/stm32cubeide_1.15.1/plugins/com.st.stm32cube.ide.mcu.externaltools.gnu-tools-for-stm32.12.3.rel1.linux64_1.0.100.202403111256/tools/bin/../lib/gcc/arm-none-eabi/12.3.1/thumb/v7e-m+fp/hard/crtbegin.o
                [!provide]                        PROVIDE (__fini_array_end = .)
                0x080078d8                        . = ALIGN (0x4)
                0x080078d8                        _sidata = LOADADDR (.data)

.rel.dyn        0x080078d8        0x0
 .rel.iplt      0x080078d8        0x0 /opt/st/stm32cubeide_1.15.1/plugins/com.st.stm32cube.ide.mcu.externaltools.gnu-tools-for-stm32.12.3.rel1.linux64_1.0.100.202403111256/tools/bin/../lib/gcc/arm-none-eabi/12.3.1/thumb/v7e-m+fp/hard/crtbegin.o

.data           0x20000000       0xa0 load address 0x080078d8
                0x20000000                        . = ALIGN (0x4)
                0x20000000                        _sdata = .
 *(.data)
 *(.data*)
 .data.dst_ip   0x20000000        0x4 ./Core/Src/main.o
 .data.wiznet_timeout
                0x20000004        0x4 ./Core/Src/main.o
 .data.current_port.0
                0x20000008        0x2 ./Core/Src/main.o
 *fill*         0x2000000a        0x2 
 .data.SystemCoreClock
                0x2000000c        0x4 ./Core/Src/system_stm32l4xx.o
                0x2000000c                SystemCoreClock
 .data.uwTickPrio
                0x20000010        0x4 ./Drivers/STM32L4xx_HAL_Driver/stm32l4xx_hal.o
                0x20000010                uwTickPrio
 .data.uwTickFreq
                0x20000014        0x1 ./Drivers/STM32L4xx_HAL_Driver/stm32l4xx_hal.o
                0x20000014                uwTickFreq
 *fill*         0x20000015        0x1 
 .data.sock_any_port
                0x20000016        0x2 ./Drivers/ioLibrary_Driver/Ethernet/socket.o
 .data.WIZCHIP  0x20000018       0x2c ./Drivers/ioLibrary_Driver/Ethernet/wizchip_conf.o
                0x20000018                WIZCHIP
 .data.__sglue  0x20000044        0xc /opt/st/stm32cubeide_1.15.1/plugins/com.st.stm32cube.ide.mcu.externaltools.gnu-tools-for-stm32.12.3.rel1.linux64_1.0.100.202403111256/tools/bin/../lib/gcc/arm-none-eabi/12.3.1/../../../../arm-none-eabi/lib/thumb/v7e-m+fp/hard/libc_nano.a(libc_a-findfp.o)
                0x20000044                __sglue
 .data._impure_ptr
                0x20000050        0x4 /opt/st/stm32cubeide_1.15.1/plugins/com.st.stm32cube.ide.mcu.externaltools.gnu-tools-for-stm32.12.3.rel1.linux64_1.0.100.202403111256/tools/bin/../lib/gcc/arm-none-eabi/12.3.1/../../../../arm-none-eabi/lib/thumb/v7e-m+fp/hard/libc_nano.a(libc_a-impure.o)
                0x20000050                _impure_ptr
 .data._impure_data
                0x20000054       0x4c /opt/st/stm32cubeide_1.15.1/plugins/com.st.stm32cube.ide.mcu.externaltools.gnu-tools-for-stm32.12.3.rel1.linux64_1.0.100.202403111256/tools/bin/../lib/gcc/arm-none-eabi/12.3.1/../../../../arm-none-eabi/lib/thumb/v7e-m+fp/hard/libc_nano.a(libc_a-impure.o)
                0x20000054                _impure_data
 *(.RamFunc)
 *(.RamFunc*)
                0x200000a0                        . = ALIGN (0x4)
                0x200000a0                        _edata = .

.igot.plt       0x200000a0        0x0 load address 0x08007978
 .igot.plt      0x200000a0        0x0 /opt/st/stm32cubeide_1.15.1/plugins/com.st.stm32cube.ide.mcu.externaltools.gnu-tools-for-stm32.12.3.rel1.linux64_1.0.100.202403111256/tools/bin/../lib/gcc/arm-none-eabi/12.3.1/thumb/v7e-m+fp/hard/crtbegin.o
                0x200000a0                        . = ALIGN (0x4)

.bss            0x200000a0      0xad0 load address 0x08007978
                0x200000a0                        _sbss = .
                0x200000a0                        __bss_start__ = _sbss
 *(.bss)
 .bss           0x200000a0       0x1c /opt/st/stm32cubeide_1.15.1/plugins/com.st.stm32cube.ide.mcu.externaltools.gnu-tools-for-stm32.12.3.rel1.linux64_1.0.100.202403111256/tools/bin/../lib/gcc/arm-none-eabi/12.3.1/thumb/v7e-m+fp/hard/crtbegin.o
 *(.bss*)
 .bss.w5500_spi
                0x200000bc       0x64 ./Core/Src/main.o
                0x200000bc                w5500_spi
 .bss.console_uart
                0x20000120       0x88 ./Core/Src/main.o
                0x20000120                console_uart
 .bss.htim16    0x200001a8       0x4c ./Core/Src/main.o
                0x200001a8                htim16
 .bss.tcp_buffer
                0x200001f4      0x800 ./Core/Src/main.o
 .bss.__sbrk_heap_end
                0x200009f4        0x4 ./Core/Src/sysmem.o
 .bss.uwTick    0x200009f8        0x4 ./Drivers/STM32L4xx_HAL_Driver/stm32l4xx_hal.o
                0x200009f8                uwTick
 .bss.sock_io_mode
                0x200009fc        0x2 ./Drivers/ioLibrary_Driver/Ethernet/socket.o
 .bss.sock_is_sending
                0x200009fe        0x2 ./Drivers/ioLibrary_Driver/Ethernet/socket.o
 .bss.sock_remained_size
                0x20000a00       0x10 ./Drivers/ioLibrary_Driver/Ethernet/socket.o
 .bss.sock_pack_info
                0x20000a10        0x8 ./Drivers/ioLibrary_Driver/Ethernet/socket.o
                0x20000a10                sock_pack_info
 .bss._DNS_     0x20000a18        0x4 ./Drivers/ioLibrary_Driver/Ethernet/wizchip_conf.o
 .bss._DHCP_    0x20000a1c        0x1 ./Drivers/ioLibrary_Driver/Ethernet/wizchip_conf.o
 *fill*         0x20000a1d        0x3 
 .bss.dhcp_tick_1s
                0x20000a20        0x4 ./Drivers/ioLibrary_Driver/Internet/DHCP/dhcp.o
                0x20000a20                dhcp_tick_1s
 .bss.__sf      0x20000a24      0x138 /opt/st/stm32cubeide_1.15.1/plugins/com.st.stm32cube.ide.mcu.externaltools.gnu-tools-for-stm32.12.3.rel1.linux64_1.0.100.202403111256/tools/bin/../lib/gcc/arm-none-eabi/12.3.1/../../../../arm-none-eabi/lib/thumb/v7e-m+fp/hard/libc_nano.a(libc_a-findfp.o)
                0x20000a24                __sf
 .bss.__stdio_exit_handler
                0x20000b5c        0x4 /opt/st/stm32cubeide_1.15.1/plugins/com.st.stm32cube.ide.mcu.externaltools.gnu-tools-for-stm32.12.3.rel1.linux64_1.0.100.202403111256/tools/bin/../lib/gcc/arm-none-eabi/12.3.1/../../../../arm-none-eabi/lib/thumb/v7e-m+fp/hard/libc_nano.a(libc_a-findfp.o)
                0x20000b5c                __stdio_exit_handler
 .bss.errno     0x20000b60        0x4 /opt/st/stm32cubeide_1.15.1/plugins/com.st.stm32cube.ide.mcu.externaltools.gnu-tools-for-stm32.12.3.rel1.linux64_1.0.100.202403111256/tools/bin/../lib/gcc/arm-none-eabi/12.3.1/../../../../arm-none-eabi/lib/thumb/v7e-m+fp/hard/libc_nano.a(libc_a-reent.o)
                0x20000b60                errno
 .bss.__lock___malloc_recursive_mutex
                0x20000b64        0x1 /opt/st/stm32cubeide_1.15.1/plugins/com.st.stm32cube.ide.mcu.externaltools.gnu-tools-for-stm32.12.3.rel1.linux64_1.0.100.202403111256/tools/bin/../lib/gcc/arm-none-eabi/12.3.1/../../../../arm-none-eabi/lib/thumb/v7e-m+fp/hard/libc_nano.a(libc_a-lock.o)
                0x20000b64                __lock___malloc_recursive_mutex
 .bss.__lock___sfp_recursive_mutex
                0x20000b65        0x1 /opt/st/stm32cubeide_1.15.1/plugins/com.st.stm32cube.ide.mcu.externaltools.gnu-tools-for-stm32.12.3.rel1.linux64_1.0.100.202403111256/tools/bin/../lib/gcc/arm-none-eabi/12.3.1/../../../../arm-none-eabi/lib/thumb/v7e-m+fp/hard/libc_nano.a(libc_a-lock.o)
                0x20000b65                __lock___sfp_recursive_mutex
 *fill*         0x20000b66        0x2 
 .bss.__malloc_sbrk_start
                0x20000b68        0x4 /opt/st/stm32cubeide_1.15.1/plugins/com.st.stm32cube.ide.mcu.externaltools.gnu-tools-for-stm32.12.3.rel1.linux64_1.0.100.202403111256/tools/bin/../lib/gcc/arm-none-eabi/12.3.1/../../../../arm-none-eabi/lib/thumb/v7e-m+fp/hard/libc_nano.a(libc_a-mallocr.o)
                0x20000b68                __malloc_sbrk_start
 .bss.__malloc_free_list
                0x20000b6c        0x4 /opt/st/stm32cubeide_1.15.1/plugins/com.st.stm32cube.ide.mcu.externaltools.gnu-tools-for-stm32.12.3.rel1.linux64_1.0.100.202403111256/tools/bin/../lib/gcc/arm-none-eabi/12.3.1/../../../../arm-none-eabi/lib/thumb/v7e-m+fp/hard/libc_nano.a(libc_a-mallocr.o)
                0x20000b6c                __malloc_free_list
 *(COMMON)
                0x20000b70                        . = ALIGN (0x4)
                0x20000b70                        _ebss = .
                0x20000b70                        __bss_end__ = _ebss

._user_heap_stack
                0x20000b70      0x600 load address 0x08007978
                0x20000b70                        . = ALIGN (0x8)
                [!provide]                        PROVIDE (end = .)
                0x20000b70                        PROVIDE (_end = .)
                0x20000d70                        . = (. + _Min_Heap_Size)
 *fill*         0x20000b70      0x200 
                0x20001170                        . = (. + _Min_Stack_Size)
 *fill*         0x20000d70      0x400 
                0x20001170                        . = ALIGN (0x8)

/DISCARD/
 libc.a(*)
 libm.a(*)
 libgcc.a(*)

.ARM.attributes
                0x00000000       0x30
 *(.ARM.attributes)
 .ARM.attributes
                0x00000000       0x22 /opt/st/stm32cubeide_1.15.1/plugins/com.st.stm32cube.ide.mcu.externaltools.gnu-tools-for-stm32.12.3.rel1.linux64_1.0.100.202403111256/tools/bin/../lib/gcc/arm-none-eabi/12.3.1/thumb/v7e-m+fp/hard/crti.o
 .ARM.attributes
                0x00000022       0x34 /opt/st/stm32cubeide_1.15.1/plugins/com.st.stm32cube.ide.mcu.externaltools.gnu-tools-for-stm32.12.3.rel1.linux64_1.0.100.202403111256/tools/bin/../lib/gcc/arm-none-eabi/12.3.1/thumb/v7e-m+fp/hard/crtbegin.o
 .ARM.attributes
                0x00000056       0x34 ./Core/Src/main.o
 .ARM.attributes
                0x0000008a       0x34 ./Core/Src/stm32l4xx_hal_msp.o
 .ARM.attributes
                0x000000be       0x34 ./Core/Src/stm32l4xx_it.o
 .ARM.attributes
                0x000000f2       0x34 ./Core/Src/syscalls.o
 .ARM.attributes
                0x00000126       0x34 ./Core/Src/sysmem.o
 .ARM.attributes
                0x0000015a       0x34 ./Core/Src/system_stm32l4xx.o
 .ARM.attributes
                0x0000018e       0x21 ./Core/Startup/startup_stm32l476rgtx.o
 .ARM.attributes
                0x000001af       0x34 ./Drivers/STM32L4xx_HAL_Driver/stm32l4xx_hal.o
 .ARM.attributes
                0x000001e3       0x34 ./Drivers/STM32L4xx_HAL_Driver/stm32l4xx_hal_cortex.o
 .ARM.attributes
                0x00000217       0x34 ./Drivers/STM32L4xx_HAL_Driver/stm32l4xx_hal_gpio.o
 .ARM.attributes
                0x0000024b       0x34 ./Drivers/STM32L4xx_HAL_Driver/stm32l4xx_hal_pwr_ex.o
 .ARM.attributes
                0x0000027f       0x34 ./Drivers/STM32L4xx_HAL_Driver/stm32l4xx_hal_rcc.o
 .ARM.attributes
                0x000002b3       0x34 ./Drivers/STM32L4xx_HAL_Driver/stm32l4xx_hal_rcc_ex.o
 .ARM.attributes
                0x000002e7       0x34 ./Drivers/STM32L4xx_HAL_Driver/stm32l4xx_hal_spi.o
 .ARM.attributes
                0x0000031b       0x34 ./Drivers/STM32L4xx_HAL_Driver/stm32l4xx_hal_tim.o
 .ARM.attributes
                0x0000034f       0x34 ./Drivers/STM32L4xx_HAL_Driver/stm32l4xx_hal_tim_ex.o
 .ARM.attributes
                0x00000383       0x34 ./Drivers/STM32L4xx_HAL_Driver/stm32l4xx_hal_uart.o
 .ARM.attributes
                0x000003b7       0x34 ./Drivers/ioLibrary_Driver/Ethernet/W5500/w5500.o
 .ARM.attributes
                0x000003eb       0x34 ./Drivers/ioLibrary_Driver/Ethernet/socket.o
 .ARM.attributes
                0x0000041f       0x34 ./Drivers/ioLibrary_Driver/Ethernet/wizchip_conf.o
 .ARM.attributes
                0x00000453       0x34 ./Drivers/ioLibrary_Driver/Internet/DHCP/dhcp.o
 .ARM.attributes
                0x00000487       0x34 /opt/st/stm32cubeide_1.15.1/plugins/com.st.stm32cube.ide.mcu.externaltools.gnu-tools-for-stm32.12.3.rel1.linux64_1.0.100.202403111256/tools/bin/../lib/gcc/arm-none-eabi/12.3.1/../../../../arm-none-eabi/lib/thumb/v7e-m+fp/hard/libc_nano.a(libc_a-findfp.o)
 .ARM.attributes
                0x000004bb       0x34 /opt/st/stm32cubeide_1.15.1/plugins/com.st.stm32cube.ide.mcu.externaltools.gnu-tools-for-stm32.12.3.rel1.linux64_1.0.100.202403111256/tools/bin/../lib/gcc/arm-none-eabi/12.3.1/../../../../arm-none-eabi/lib/thumb/v7e-m+fp/hard/libc_nano.a(libc_a-fwalk.o)
 .ARM.attributes
                0x000004ef       0x34 /opt/st/stm32cubeide_1.15.1/plugins/com.st.stm32cube.ide.mcu.externaltools.gnu-tools-for-stm32.12.3.rel1.linux64_1.0.100.202403111256/tools/bin/../lib/gcc/arm-none-eabi/12.3.1/../../../../arm-none-eabi/lib/thumb/v7e-m+fp/hard/libc_nano.a(libc_a-printf.o)
 .ARM.attributes
                0x00000523       0x34 /opt/st/stm32cubeide_1.15.1/plugins/com.st.stm32cube.ide.mcu.externaltools.gnu-tools-for-stm32.12.3.rel1.linux64_1.0.100.202403111256/tools/bin/../lib/gcc/arm-none-eabi/12.3.1/../../../../arm-none-eabi/lib/thumb/v7e-m+fp/hard/libc_nano.a(libc_a-puts.o)
 .ARM.attributes
                0x00000557       0x34 /opt/st/stm32cubeide_1.15.1/plugins/com.st.stm32cube.ide.mcu.externaltools.gnu-tools-for-stm32.12.3.rel1.linux64_1.0.100.202403111256/tools/bin/../lib/gcc/arm-none-eabi/12.3.1/../../../../arm-none-eabi/lib/thumb/v7e-m+fp/hard/libc_nano.a(libc_a-stdio.o)
 .ARM.attributes
                0x0000058b       0x34 /opt/st/stm32cubeide_1.15.1/plugins/com.st.stm32cube.ide.mcu.externaltools.gnu-tools-for-stm32.12.3.rel1.linux64_1.0.100.202403111256/tools/bin/../lib/gcc/arm-none-eabi/12.3.1/../../../../arm-none-eabi/lib/thumb/v7e-m+fp/hard/libc_nano.a(libc_a-wbuf.o)
 .ARM.attributes
                0x000005bf       0x34 /opt/st/stm32cubeide_1.15.1/plugins/com.st.stm32cube.ide.mcu.externaltools.gnu-tools-for-stm32.12.3.rel1.linux64_1.0.100.202403111256/tools/bin/../lib/gcc/arm-none-eabi/12.3.1/../../../../arm-none-eabi/lib/thumb/v7e-m+fp/hard/libc_nano.a(libc_a-wsetup.o)
 .ARM.attributes
                0x000005f3       0x34 /opt/st/stm32cubeide_1.15.1/plugins/com.st.stm32cube.ide.mcu.externaltools.gnu-tools-for-stm32.12.3.rel1.linux64_1.0.100.202403111256/tools/bin/../lib/gcc/arm-none-eabi/12.3.1/../../../../arm-none-eabi/lib/thumb/v7e-m+fp/hard/libc_nano.a(libc_a-memset.o)
 .ARM.attributes
                0x00000627       0x34 /opt/st/stm32cubeide_1.15.1/plugins/com.st.stm32cube.ide.mcu.externaltools.gnu-tools-for-stm32.12.3.rel1.linux64_1.0.100.202403111256/tools/bin/../lib/gcc/arm-none-eabi/12.3.1/../../../../arm-none-eabi/lib/thumb/v7e-m+fp/hard/libc_nano.a(libc_a-closer.o)
 .ARM.attributes
                0x0000065b       0x34 /opt/st/stm32cubeide_1.15.1/plugins/com.st.stm32cube.ide.mcu.externaltools.gnu-tools-for-stm32.12.3.rel1.linux64_1.0.100.202403111256/tools/bin/../lib/gcc/arm-none-eabi/12.3.1/../../../../arm-none-eabi/lib/thumb/v7e-m+fp/hard/libc_nano.a(libc_a-reent.o)
 .ARM.attributes
                0x0000068f       0x34 /opt/st/stm32cubeide_1.15.1/plugins/com.st.stm32cube.ide.mcu.externaltools.gnu-tools-for-stm32.12.3.rel1.linux64_1.0.100.202403111256/tools/bin/../lib/gcc/arm-none-eabi/12.3.1/../../../../arm-none-eabi/lib/thumb/v7e-m+fp/hard/libc_nano.a(libc_a-impure.o)
 .ARM.attributes
                0x000006c3       0x34 /opt/st/stm32cubeide_1.15.1/plugins/com.st.stm32cube.ide.mcu.externaltools.gnu-tools-for-stm32.12.3.rel1.linux64_1.0.100.202403111256/tools/bin/../lib/gcc/arm-none-eabi/12.3.1/../../../../arm-none-eabi/lib/thumb/v7e-m+fp/hard/libc_nano.a(libc_a-lseekr.o)
 .ARM.attributes
                0x000006f7       0x34 /opt/st/stm32cubeide_1.15.1/plugins/com.st.stm32cube.ide.mcu.externaltools.gnu-tools-for-stm32.12.3.rel1.linux64_1.0.100.202403111256/tools/bin/../lib/gcc/arm-none-eabi/12.3.1/../../../../arm-none-eabi/lib/thumb/v7e-m+fp/hard/libc_nano.a(libc_a-readr.o)
 .ARM.attributes
                0x0000072b       0x34 /opt/st/stm32cubeide_1.15.1/plugins/com.st.stm32cube.ide.mcu.externaltools.gnu-tools-for-stm32.12.3.rel1.linux64_1.0.100.202403111256/tools/bin/../lib/gcc/arm-none-eabi/12.3.1/../../../../arm-none-eabi/lib/thumb/v7e-m+fp/hard/libc_nano.a(libc_a-writer.o)
 .ARM.attributes
                0x0000075f       0x34 /opt/st/stm32cubeide_1.15.1/plugins/com.st.stm32cube.ide.mcu.externaltools.gnu-tools-for-stm32.12.3.rel1.linux64_1.0.100.202403111256/tools/bin/../lib/gcc/arm-none-eabi/12.3.1/../../../../arm-none-eabi/lib/thumb/v7e-m+fp/hard/libc_nano.a(libc_a-errno.o)
 .ARM.attributes
                0x00000793       0x34 /opt/st/stm32cubeide_1.15.1/plugins/com.st.stm32cube.ide.mcu.externaltools.gnu-tools-for-stm32.12.3.rel1.linux64_1.0.100.202403111256/tools/bin/../lib/gcc/arm-none-eabi/12.3.1/../../../../arm-none-eabi/lib/thumb/v7e-m+fp/hard/libc_nano.a(libc_a-init.o)
 .ARM.attributes
                0x000007c7       0x34 /opt/st/stm32cubeide_1.15.1/plugins/com.st.stm32cube.ide.mcu.externaltools.gnu-tools-for-stm32.12.3.rel1.linux64_1.0.100.202403111256/tools/bin/../lib/gcc/arm-none-eabi/12.3.1/../../../../arm-none-eabi/lib/thumb/v7e-m+fp/hard/libc_nano.a(libc_a-lock.o)
 .ARM.attributes
                0x000007fb       0x34 /opt/st/stm32cubeide_1.15.1/plugins/com.st.stm32cube.ide.mcu.externaltools.gnu-tools-for-stm32.12.3.rel1.linux64_1.0.100.202403111256/tools/bin/../lib/gcc/arm-none-eabi/12.3.1/../../../../arm-none-eabi/lib/thumb/v7e-m+fp/hard/libc_nano.a(libc_a-freer.o)
 .ARM.attributes
                0x0000082f       0x34 /opt/st/stm32cubeide_1.15.1/plugins/com.st.stm32cube.ide.mcu.externaltools.gnu-tools-for-stm32.12.3.rel1.linux64_1.0.100.202403111256/tools/bin/../lib/gcc/arm-none-eabi/12.3.1/../../../../arm-none-eabi/lib/thumb/v7e-m+fp/hard/libc_nano.a(libc_a-mallocr.o)
 .ARM.attributes
                0x00000863       0x34 /opt/st/stm32cubeide_1.15.1/plugins/com.st.stm32cube.ide.mcu.externaltools.gnu-tools-for-stm32.12.3.rel1.linux64_1.0.100.202403111256/tools/bin/../lib/gcc/arm-none-eabi/12.3.1/../../../../arm-none-eabi/lib/thumb/v7e-m+fp/hard/libc_nano.a(libc_a-mlock.o)
 .ARM.attributes
                0x00000897       0x34 /opt/st/stm32cubeide_1.15.1/plugins/com.st.stm32cube.ide.mcu.externaltools.gnu-tools-for-stm32.12.3.rel1.linux64_1.0.100.202403111256/tools/bin/../lib/gcc/arm-none-eabi/12.3.1/../../../../arm-none-eabi/lib/thumb/v7e-m+fp/hard/libc_nano.a(libc_a-nano-vfprintf.o)
 .ARM.attributes
                0x000008cb       0x34 /opt/st/stm32cubeide_1.15.1/plugins/com.st.stm32cube.ide.mcu.externaltools.gnu-tools-for-stm32.12.3.rel1.linux64_1.0.100.202403111256/tools/bin/../lib/gcc/arm-none-eabi/12.3.1/../../../../arm-none-eabi/lib/thumb/v7e-m+fp/hard/libc_nano.a(libc_a-nano-vfprintf_i.o)
 .ARM.attributes
                0x000008ff       0x34 /opt/st/stm32cubeide_1.15.1/plugins/com.st.stm32cube.ide.mcu.externaltools.gnu-tools-for-stm32.12.3.rel1.linux64_1.0.100.202403111256/tools/bin/../lib/gcc/arm-none-eabi/12.3.1/../../../../arm-none-eabi/lib/thumb/v7e-m+fp/hard/libc_nano.a(libc_a-fflush.o)
 .ARM.attributes
                0x00000933       0x34 /opt/st/stm32cubeide_1.15.1/plugins/com.st.stm32cube.ide.mcu.externaltools.gnu-tools-for-stm32.12.3.rel1.linux64_1.0.100.202403111256/tools/bin/../lib/gcc/arm-none-eabi/12.3.1/../../../../arm-none-eabi/lib/thumb/v7e-m+fp/hard/libc_nano.a(libc_a-makebuf.o)
 .ARM.attributes
                0x00000967       0x34 /opt/st/stm32cubeide_1.15.1/plugins/com.st.stm32cube.ide.mcu.externaltools.gnu-tools-for-stm32.12.3.rel1.linux64_1.0.100.202403111256/tools/bin/../lib/gcc/arm-none-eabi/12.3.1/../../../../arm-none-eabi/lib/thumb/v7e-m+fp/hard/libc_nano.a(libc_a-fstatr.o)
 .ARM.attributes
                0x0000099b       0x34 /opt/st/stm32cubeide_1.15.1/plugins/com.st.stm32cube.ide.mcu.externaltools.gnu-tools-for-stm32.12.3.rel1.linux64_1.0.100.202403111256/tools/bin/../lib/gcc/arm-none-eabi/12.3.1/../../../../arm-none-eabi/lib/thumb/v7e-m+fp/hard/libc_nano.a(libc_a-isattyr.o)
 .ARM.attributes
                0x000009cf       0x34 /opt/st/stm32cubeide_1.15.1/plugins/com.st.stm32cube.ide.mcu.externaltools.gnu-tools-for-stm32.12.3.rel1.linux64_1.0.100.202403111256/tools/bin/../lib/gcc/arm-none-eabi/12.3.1/../../../../arm-none-eabi/lib/thumb/v7e-m+fp/hard/libc_nano.a(libc_a-sbrkr.o)
 .ARM.attributes
                0x00000a03       0x1c /opt/st/stm32cubeide_1.15.1/plugins/com.st.stm32cube.ide.mcu.externaltools.gnu-tools-for-stm32.12.3.rel1.linux64_1.0.100.202403111256/tools/bin/../lib/gcc/arm-none-eabi/12.3.1/../../../../arm-none-eabi/lib/thumb/v7e-m+fp/hard/libc_nano.a(libc_a-memchr.o)
 .ARM.attributes
                0x00000a1f       0x22 /opt/st/stm32cubeide_1.15.1/plugins/com.st.stm32cube.ide.mcu.externaltools.gnu-tools-for-stm32.12.3.rel1.linux64_1.0.100.202403111256/tools/bin/../lib/gcc/arm-none-eabi/12.3.1/thumb/v7e-m+fp/hard/libgcc.a(_aeabi_uldivmod.o)
 .ARM.attributes
                0x00000a41       0x34 /opt/st/stm32cubeide_1.15.1/plugins/com.st.stm32cube.ide.mcu.externaltools.gnu-tools-for-stm32.12.3.rel1.linux64_1.0.100.202403111256/tools/bin/../lib/gcc/arm-none-eabi/12.3.1/thumb/v7e-m+fp/hard/libgcc.a(_udivmoddi4.o)
 .ARM.attributes
                0x00000a75       0x22 /opt/st/stm32cubeide_1.15.1/plugins/com.st.stm32cube.ide.mcu.externaltools.gnu-tools-for-stm32.12.3.rel1.linux64_1.0.100.202403111256/tools/bin/../lib/gcc/arm-none-eabi/12.3.1/thumb/v7e-m+fp/hard/libgcc.a(_dvmd_tls.o)
 .ARM.attributes
                0x00000a97       0x22 /opt/st/stm32cubeide_1.15.1/plugins/com.st.stm32cube.ide.mcu.externaltools.gnu-tools-for-stm32.12.3.rel1.linux64_1.0.100.202403111256/tools/bin/../lib/gcc/arm-none-eabi/12.3.1/thumb/v7e-m+fp/hard/crtn.o
OUTPUT(w5500-demo.elf elf32-littlearm)
LOAD linker stubs
LOAD /opt/st/stm32cubeide_1.15.1/plugins/com.st.stm32cube.ide.mcu.externaltools.gnu-tools-for-stm32.12.3.rel1.linux64_1.0.100.202403111256/tools/bin/../lib/gcc/arm-none-eabi/12.3.1/../../../../arm-none-eabi/lib/thumb/v7e-m+fp/hard/libc.a
LOAD /opt/st/stm32cubeide_1.15.1/plugins/com.st.stm32cube.ide.mcu.externaltools.gnu-tools-for-stm32.12.3.rel1.linux64_1.0.100.202403111256/tools/bin/../lib/gcc/arm-none-eabi/12.3.1/../../../../arm-none-eabi/lib/thumb/v7e-m+fp/hard/libm.a
LOAD /opt/st/stm32cubeide_1.15.1/plugins/com.st.stm32cube.ide.mcu.externaltools.gnu-tools-for-stm32.12.3.rel1.linux64_1.0.100.202403111256/tools/bin/../lib/gcc/arm-none-eabi/12.3.1/thumb/v7e-m+fp/hard/libgcc.a

.debug_info     0x00000000    0x14314
 .debug_info    0x00000000     0x1d64 ./Core/Src/main.o
 .debug_info    0x00001d64     0x1691 ./Core/Src/stm32l4xx_hal_msp.o
 .debug_info    0x000033f5      0x708 ./Core/Src/stm32l4xx_it.o
 .debug_info    0x00003afd      0x6a3 ./Core/Src/syscalls.o
 .debug_info    0x000041a0      0x168 ./Core/Src/sysmem.o
 .debug_info    0x00004308      0x5b1 ./Core/Src/system_stm32l4xx.o
 .debug_info    0x000048b9       0x30 ./Core/Startup/startup_stm32l476rgtx.o
 .debug_info    0x000048e9      0xc09 ./Drivers/STM32L4xx_HAL_Driver/stm32l4xx_hal.o
 .debug_info    0x000054f2      0xd4c ./Drivers/STM32L4xx_HAL_Driver/stm32l4xx_hal_cortex.o
 .debug_info    0x0000623e      0x757 ./Drivers/STM32L4xx_HAL_Driver/stm32l4xx_hal_gpio.o
 .debug_info    0x00006995      0x99e ./Drivers/STM32L4xx_HAL_Driver/stm32l4xx_hal_pwr_ex.o
 .debug_info    0x00007333      0xc14 ./Drivers/STM32L4xx_HAL_Driver/stm32l4xx_hal_rcc.o
 .debug_info    0x00007f47      0xe11 ./Drivers/STM32L4xx_HAL_Driver/stm32l4xx_hal_rcc_ex.o
 .debug_info    0x00008d58     0x161a ./Drivers/STM32L4xx_HAL_Driver/stm32l4xx_hal_spi.o
 .debug_info    0x0000a372     0x2a9a ./Drivers/STM32L4xx_HAL_Driver/stm32l4xx_hal_tim.o
 .debug_info    0x0000ce0c     0x169e ./Drivers/STM32L4xx_HAL_Driver/stm32l4xx_hal_tim_ex.o
 .debug_info    0x0000e4aa     0x3b69 ./Drivers/STM32L4xx_HAL_Driver/stm32l4xx_hal_uart.o
 .debug_info    0x00012013      0x539 ./Drivers/ioLibrary_Driver/Ethernet/W5500/w5500.o
 .debug_info    0x0001254c      0x727 ./Drivers/ioLibrary_Driver/Ethernet/socket.o
 .debug_info    0x00012c73      0xc76 ./Drivers/ioLibrary_Driver/Ethernet/wizchip_conf.o
 .debug_info    0x000138e9      0xa2b ./Drivers/ioLibrary_Driver/Internet/DHCP/dhcp.o

.debug_abbrev   0x00000000     0x2d2c
 .debug_abbrev  0x00000000      0x3ed ./Core/Src/main.o
 .debug_abbrev  0x000003ed      0x1ef ./Core/Src/stm32l4xx_hal_msp.o
 .debug_abbrev  0x000005dc      0x193 ./Core/Src/stm32l4xx_it.o
 .debug_abbrev  0x0000076f      0x1b6 ./Core/Src/syscalls.o
 .debug_abbrev  0x00000925       0xbc ./Core/Src/sysmem.o
 .debug_abbrev  0x000009e1      0x11a ./Core/Src/system_stm32l4xx.o
 .debug_abbrev  0x00000afb       0x24 ./Core/Startup/startup_stm32l476rgtx.o
 .debug_abbrev  0x00000b1f      0x243 ./Drivers/STM32L4xx_HAL_Driver/stm32l4xx_hal.o
 .debug_abbrev  0x00000d62      0x327 ./Drivers/STM32L4xx_HAL_Driver/stm32l4xx_hal_cortex.o
 .debug_abbrev  0x00001089      0x1cb ./Drivers/STM32L4xx_HAL_Driver/stm32l4xx_hal_gpio.o
 .debug_abbrev  0x00001254      0x1f9 ./Drivers/STM32L4xx_HAL_Driver/stm32l4xx_hal_pwr_ex.o
 .debug_abbrev  0x0000144d      0x2cb ./Drivers/STM32L4xx_HAL_Driver/stm32l4xx_hal_rcc.o
 .debug_abbrev  0x00001718      0x2a6 ./Drivers/STM32L4xx_HAL_Driver/stm32l4xx_hal_rcc_ex.o
 .debug_abbrev  0x000019be      0x26a ./Drivers/STM32L4xx_HAL_Driver/stm32l4xx_hal_spi.o
 .debug_abbrev  0x00001c28      0x278 ./Drivers/STM32L4xx_HAL_Driver/stm32l4xx_hal_tim.o
 .debug_abbrev  0x00001ea0      0x283 ./Drivers/STM32L4xx_HAL_Driver/stm32l4xx_hal_tim_ex.o
 .debug_abbrev  0x00002123      0x2d0 ./Drivers/STM32L4xx_HAL_Driver/stm32l4xx_hal_uart.o
 .debug_abbrev  0x000023f3      0x21f ./Drivers/ioLibrary_Driver/Ethernet/W5500/w5500.o
 .debug_abbrev  0x00002612      0x1c1 ./Drivers/ioLibrary_Driver/Ethernet/socket.o
 .debug_abbrev  0x000027d3      0x321 ./Drivers/ioLibrary_Driver/Ethernet/wizchip_conf.o
 .debug_abbrev  0x00002af4      0x238 ./Drivers/ioLibrary_Driver/Internet/DHCP/dhcp.o

.debug_aranges  0x00000000     0x1458
 .debug_aranges
                0x00000000      0x100 ./Core/Src/main.o
 .debug_aranges
                0x00000100       0x50 ./Core/Src/stm32l4xx_hal_msp.o
 .debug_aranges
                0x00000150       0x68 ./Core/Src/stm32l4xx_it.o
 .debug_aranges
                0x000001b8       0xa8 ./Core/Src/syscalls.o
 .debug_aranges
                0x00000260       0x20 ./Core/Src/sysmem.o
 .debug_aranges
                0x00000280       0x28 ./Core/Src/system_stm32l4xx.o
 .debug_aranges
                0x000002a8       0x28 ./Core/Startup/startup_stm32l476rgtx.o
 .debug_aranges
                0x000002d0      0x130 ./Drivers/STM32L4xx_HAL_Driver/stm32l4xx_hal.o
 .debug_aranges
                0x00000400      0x118 ./Drivers/STM32L4xx_HAL_Driver/stm32l4xx_hal_cortex.o
 .debug_aranges
                0x00000518       0x58 ./Drivers/STM32L4xx_HAL_Driver/stm32l4xx_hal_gpio.o
 .debug_aranges
                0x00000570      0x160 ./Drivers/STM32L4xx_HAL_Driver/stm32l4xx_hal_pwr_ex.o
 .debug_aranges
                0x000006d0       0x90 ./Drivers/STM32L4xx_HAL_Driver/stm32l4xx_hal_rcc.o
 .debug_aranges
                0x00000760       0xc0 ./Drivers/STM32L4xx_HAL_Driver/stm32l4xx_hal_rcc_ex.o
 .debug_aranges
                0x00000820      0x1d8 ./Drivers/STM32L4xx_HAL_Driver/stm32l4xx_hal_spi.o
 .debug_aranges
                0x000009f8      0x3e0 ./Drivers/STM32L4xx_HAL_Driver/stm32l4xx_hal_tim.o
 .debug_aranges
                0x00000dd8      0x180 ./Drivers/STM32L4xx_HAL_Driver/stm32l4xx_hal_tim_ex.o
 .debug_aranges
                0x00000f58      0x228 ./Drivers/STM32L4xx_HAL_Driver/stm32l4xx_hal_uart.o
 .debug_aranges
                0x00001180       0x60 ./Drivers/ioLibrary_Driver/Ethernet/W5500/w5500.o
 .debug_aranges
                0x000011e0       0x78 ./Drivers/ioLibrary_Driver/Ethernet/socket.o
 .debug_aranges
                0x00001258      0x138 ./Drivers/ioLibrary_Driver/Ethernet/wizchip_conf.o
 .debug_aranges
                0x00001390       0xc8 ./Drivers/ioLibrary_Driver/Internet/DHCP/dhcp.o

.debug_rnglists
                0x00000000      0xfec
 .debug_rnglists
                0x00000000       0xc1 ./Core/Src/main.o
 .debug_rnglists
                0x000000c1       0x39 ./Core/Src/stm32l4xx_hal_msp.o
 .debug_rnglists
                0x000000fa       0x49 ./Core/Src/stm32l4xx_it.o
 .debug_rnglists
                0x00000143       0x79 ./Core/Src/syscalls.o
 .debug_rnglists
                0x000001bc       0x13 ./Core/Src/sysmem.o
 .debug_rnglists
                0x000001cf       0x1a ./Core/Src/system_stm32l4xx.o
 .debug_rnglists
                0x000001e9       0x19 ./Core/Startup/startup_stm32l476rgtx.o
 .debug_rnglists
                0x00000202       0xdf ./Drivers/STM32L4xx_HAL_Driver/stm32l4xx_hal.o
 .debug_rnglists
                0x000002e1       0xce ./Drivers/STM32L4xx_HAL_Driver/stm32l4xx_hal_cortex.o
 .debug_rnglists
                0x000003af       0x3f ./Drivers/STM32L4xx_HAL_Driver/stm32l4xx_hal_gpio.o
 .debug_rnglists
                0x000003ee      0x109 ./Drivers/STM32L4xx_HAL_Driver/stm32l4xx_hal_pwr_ex.o
 .debug_rnglists
                0x000004f7       0x6d ./Drivers/STM32L4xx_HAL_Driver/stm32l4xx_hal_rcc.o
 .debug_rnglists
                0x00000564       0x95 ./Drivers/STM32L4xx_HAL_Driver/stm32l4xx_hal_rcc_ex.o
 .debug_rnglists
                0x000005f9      0x178 ./Drivers/STM32L4xx_HAL_Driver/stm32l4xx_hal_spi.o
 .debug_rnglists
                0x00000771      0x328 ./Drivers/STM32L4xx_HAL_Driver/stm32l4xx_hal_tim.o
 .debug_rnglists
                0x00000a99      0x139 ./Drivers/STM32L4xx_HAL_Driver/stm32l4xx_hal_tim_ex.o
 .debug_rnglists
                0x00000bd2      0x1db ./Drivers/STM32L4xx_HAL_Driver/stm32l4xx_hal_uart.o
 .debug_rnglists
                0x00000dad       0x4c ./Drivers/ioLibrary_Driver/Ethernet/W5500/w5500.o
 .debug_rnglists
                0x00000df9       0x6d ./Drivers/ioLibrary_Driver/Ethernet/socket.o
 .debug_rnglists
                0x00000e66       0xed ./Drivers/ioLibrary_Driver/Ethernet/wizchip_conf.o
 .debug_rnglists
                0x00000f53       0x99 ./Drivers/ioLibrary_Driver/Internet/DHCP/dhcp.o

.debug_macro    0x00000000    0x288bb
 .debug_macro   0x00000000      0x30e ./Core/Src/main.o
 .debug_macro   0x0000030e      0xab4 ./Core/Src/main.o
 .debug_macro   0x00000dc2      0x1ad ./Core/Src/main.o
 .debug_macro   0x00000f6f       0x2e ./Core/Src/main.o
 .debug_macro   0x00000f9d       0x28 ./Core/Src/main.o
 .debug_macro   0x00000fc5       0x22 ./Core/Src/main.o
 .debug_macro   0x00000fe7       0x8e ./Core/Src/main.o
 .debug_macro   0x00001075       0x51 ./Core/Src/main.o
 .debug_macro   0x000010c6      0x103 ./Core/Src/main.o
 .debug_macro   0x000011c9       0x6a ./Core/Src/main.o
 .debug_macro   0x00001233      0x1df ./Core/Src/main.o
 .debug_macro   0x00001412       0x1c ./Core/Src/main.o
 .debug_macro   0x0000142e       0x22 ./Core/Src/main.o
 .debug_macro   0x00001450       0xfb ./Core/Src/main.o
 .debug_macro   0x0000154b     0x1011 ./Core/Src/main.o
 .debug_macro   0x0000255c      0x11f ./Core/Src/main.o
 .debug_macro   0x0000267b    0x1a17a ./Core/Src/main.o
 .debug_macro   0x0001c7f5       0x6d ./Core/Src/main.o
 .debug_macro   0x0001c862     0x38e6 ./Core/Src/main.o
 .debug_macro   0x00020148      0x189 ./Core/Src/main.o
 .debug_macro   0x000202d1       0x5c ./Core/Src/main.o
 .debug_macro   0x0002032d     0x159e ./Core/Src/main.o
 .debug_macro   0x000218cb      0x5a5 ./Core/Src/main.o
 .debug_macro   0x00021e70      0x1b9 ./Core/Src/main.o
 .debug_macro   0x00022029      0x18b ./Core/Src/main.o
 .debug_macro   0x000221b4      0x26b ./Core/Src/main.o
 .debug_macro   0x0002241f      0x23d ./Core/Src/main.o
 .debug_macro   0x0002265c      0x241 ./Core/Src/main.o
 .debug_macro   0x0002289d      0x37c ./Core/Src/main.o
 .debug_macro   0x00022c19       0xd6 ./Core/Src/main.o
 .debug_macro   0x00022cef      0x122 ./Core/Src/main.o
 .debug_macro   0x00022e11      0x3ef ./Core/Src/main.o
 .debug_macro   0x00023200      0x2fe ./Core/Src/main.o
 .debug_macro   0x000234fe      0xa98 ./Core/Src/main.o
 .debug_macro   0x00023f96      0x1e6 ./Core/Src/main.o
 .debug_macro   0x0002417c      0x5cf ./Core/Src/main.o
 .debug_macro   0x0002474b       0x44 ./Core/Src/main.o
 .debug_macro   0x0002478f      0x330 ./Core/Src/main.o
 .debug_macro   0x00024abf       0x4c ./Core/Src/main.o
 .debug_macro   0x00024b0b       0x61 ./Core/Src/main.o
 .debug_macro   0x00024b6c       0x2a ./Core/Src/main.o
 .debug_macro   0x00024b96       0x43 ./Core/Src/main.o
 .debug_macro   0x00024bd9       0x34 ./Core/Src/main.o
 .debug_macro   0x00024c0d       0x16 ./Core/Src/main.o
 .debug_macro   0x00024c23       0x35 ./Core/Src/main.o
 .debug_macro   0x00024c58      0x369 ./Core/Src/main.o
 .debug_macro   0x00024fc1       0x10 ./Core/Src/main.o
 .debug_macro   0x00024fd1       0x16 ./Core/Src/main.o
 .debug_macro   0x00024fe7       0x43 ./Core/Src/main.o
 .debug_macro   0x0002502a       0x34 ./Core/Src/main.o
 .debug_macro   0x0002505e       0x10 ./Core/Src/main.o
 .debug_macro   0x0002506e       0x58 ./Core/Src/main.o
 .debug_macro   0x000250c6       0x8e ./Core/Src/main.o
 .debug_macro   0x00025154       0x1c ./Core/Src/main.o
 .debug_macro   0x00025170      0x177 ./Core/Src/main.o
 .debug_macro   0x000252e7       0x16 ./Core/Src/main.o
 .debug_macro   0x000252fd       0x16 ./Core/Src/main.o
 .debug_macro   0x00025313      0x146 ./Core/Src/main.o
 .debug_macro   0x00025459       0x6c ./Core/Src/main.o
 .debug_macro   0x000254c5      0x5e7 ./Core/Src/main.o
 .debug_macro   0x00025aac       0x66 ./Core/Src/main.o
 .debug_macro   0x00025b12       0xd8 ./Core/Src/main.o
 .debug_macro   0x00025bea       0x2e ./Core/Src/main.o
 .debug_macro   0x00025c18      0x1e4 ./Core/Src/stm32l4xx_hal_msp.o
 .debug_macro   0x00025dfc      0x1ee ./Core/Src/stm32l4xx_it.o
 .debug_macro   0x00025fea      0x274 ./Core/Src/syscalls.o
 .debug_macro   0x0002625e       0x5b ./Core/Src/syscalls.o
 .debug_macro   0x000262b9       0x94 ./Core/Src/syscalls.o
 .debug_macro   0x0002634d       0x57 ./Core/Src/syscalls.o
 .debug_macro   0x000263a4       0x10 ./Core/Src/syscalls.o
 .debug_macro   0x000263b4       0x10 ./Core/Src/syscalls.o
 .debug_macro   0x000263c4       0x10 ./Core/Src/syscalls.o
 .debug_macro   0x000263d4       0x10 ./Core/Src/syscalls.o
 .debug_macro   0x000263e4       0x1c ./Core/Src/syscalls.o
 .debug_macro   0x00026400       0x52 ./Core/Src/syscalls.o
 .debug_macro   0x00026452       0x22 ./Core/Src/syscalls.o
 .debug_macro   0x00026474       0x10 ./Core/Src/syscalls.o
 .debug_macro   0x00026484       0x52 ./Core/Src/syscalls.o
 .debug_macro   0x000264d6       0xcf ./Core/Src/syscalls.o
 .debug_macro   0x000265a5       0x1c ./Core/Src/syscalls.o
 .debug_macro   0x000265c1       0x3d ./Core/Src/syscalls.o
 .debug_macro   0x000265fe       0x35 ./Core/Src/syscalls.o
 .debug_macro   0x00026633      0x12c ./Core/Src/syscalls.o
 .debug_macro   0x0002675f       0x16 ./Core/Src/syscalls.o
 .debug_macro   0x00026775       0x16 ./Core/Src/syscalls.o
 .debug_macro   0x0002678b       0x29 ./Core/Src/syscalls.o
 .debug_macro   0x000267b4       0x10 ./Core/Src/syscalls.o
 .debug_macro   0x000267c4      0x242 ./Core/Src/syscalls.o
 .debug_macro   0x00026a06       0x1c ./Core/Src/syscalls.o
 .debug_macro   0x00026a22       0x10 ./Core/Src/syscalls.o
 .debug_macro   0x00026a32      0x18a ./Core/Src/syscalls.o
 .debug_macro   0x00026bbc       0x16 ./Core/Src/syscalls.o
 .debug_macro   0x00026bd2       0xce ./Core/Src/syscalls.o
 .debug_macro   0x00026ca0       0xff ./Core/Src/sysmem.o
 .debug_macro   0x00026d9f      0x23c ./Core/Src/sysmem.o
 .debug_macro   0x00026fdb      0x1d5 ./Core/Src/system_stm32l4xx.o
 .debug_macro   0x000271b0      0x223 ./Drivers/STM32L4xx_HAL_Driver/stm32l4xx_hal.o
 .debug_macro   0x000273d3      0x1d5 ./Drivers/STM32L4xx_HAL_Driver/stm32l4xx_hal_cortex.o
 .debug_macro   0x000275a8      0x1dc ./Drivers/STM32L4xx_HAL_Driver/stm32l4xx_hal_gpio.o
 .debug_macro   0x00027784      0x1f9 ./Drivers/STM32L4xx_HAL_Driver/stm32l4xx_hal_pwr_ex.o
 .debug_macro   0x0002797d      0x217 ./Drivers/STM32L4xx_HAL_Driver/stm32l4xx_hal_rcc.o
 .debug_macro   0x00027b94      0x20b ./Drivers/STM32L4xx_HAL_Driver/stm32l4xx_hal_rcc_ex.o
 .debug_macro   0x00027d9f      0x1dd ./Drivers/STM32L4xx_HAL_Driver/stm32l4xx_hal_spi.o
 .debug_macro   0x00027f7c      0x1d6 ./Drivers/STM32L4xx_HAL_Driver/stm32l4xx_hal_tim.o
 .debug_macro   0x00028152      0x1d5 ./Drivers/STM32L4xx_HAL_Driver/stm32l4xx_hal_tim_ex.o
 .debug_macro   0x00028327      0x200 ./Drivers/STM32L4xx_HAL_Driver/stm32l4xx_hal_uart.o
 .debug_macro   0x00028527       0x9d ./Drivers/ioLibrary_Driver/Ethernet/W5500/w5500.o
 .debug_macro   0x000285c4       0xb8 ./Drivers/ioLibrary_Driver/Ethernet/socket.o
 .debug_macro   0x0002867c       0x66 ./Drivers/ioLibrary_Driver/Ethernet/socket.o